Archive member included to satisfy reference by file (symbol)

/Applications/STM32CubeIDE.app/Contents/Eclipse/plugins/com.st.stm32cube.ide.mcu.externaltools.gnu-tools-for-stm32.10.3-2021.10.macos64_1.0.0.202111181127/tools/bin/../lib/gcc/arm-none-eabi/10.3.1/../../../../arm-none-eabi/lib/thumb/v7-m/nofp/libc_nano.a(lib_a-errno.o)
                              ./Core/Src/syscalls.o (__errno)
/Applications/STM32CubeIDE.app/Contents/Eclipse/plugins/com.st.stm32cube.ide.mcu.externaltools.gnu-tools-for-stm32.10.3-2021.10.macos64_1.0.0.202111181127/tools/bin/../lib/gcc/arm-none-eabi/10.3.1/../../../../arm-none-eabi/lib/thumb/v7-m/nofp/libc_nano.a(lib_a-exit.o)
                              /Applications/STM32CubeIDE.app/Contents/Eclipse/plugins/com.st.stm32cube.ide.mcu.externaltools.gnu-tools-for-stm32.10.3-2021.10.macos64_1.0.0.202111181127/tools/bin/../lib/gcc/arm-none-eabi/10.3.1/../../../../arm-none-eabi/lib/thumb/v7-m/nofp/crt0.o (exit)
/Applications/STM32CubeIDE.app/Contents/Eclipse/plugins/com.st.stm32cube.ide.mcu.externaltools.gnu-tools-for-stm32.10.3-2021.10.macos64_1.0.0.202111181127/tools/bin/../lib/gcc/arm-none-eabi/10.3.1/../../../../arm-none-eabi/lib/thumb/v7-m/nofp/libc_nano.a(lib_a-impure.o)
                              /Applications/STM32CubeIDE.app/Contents/Eclipse/plugins/com.st.stm32cube.ide.mcu.externaltools.gnu-tools-for-stm32.10.3-2021.10.macos64_1.0.0.202111181127/tools/bin/../lib/gcc/arm-none-eabi/10.3.1/../../../../arm-none-eabi/lib/thumb/v7-m/nofp/libc_nano.a(lib_a-exit.o) (_global_impure_ptr)
/Applications/STM32CubeIDE.app/Contents/Eclipse/plugins/com.st.stm32cube.ide.mcu.externaltools.gnu-tools-for-stm32.10.3-2021.10.macos64_1.0.0.202111181127/tools/bin/../lib/gcc/arm-none-eabi/10.3.1/../../../../arm-none-eabi/lib/thumb/v7-m/nofp/libc_nano.a(lib_a-init.o)
                              /Applications/STM32CubeIDE.app/Contents/Eclipse/plugins/com.st.stm32cube.ide.mcu.externaltools.gnu-tools-for-stm32.10.3-2021.10.macos64_1.0.0.202111181127/tools/bin/../lib/gcc/arm-none-eabi/10.3.1/../../../../arm-none-eabi/lib/thumb/v7-m/nofp/crt0.o (__libc_init_array)
/Applications/STM32CubeIDE.app/Contents/Eclipse/plugins/com.st.stm32cube.ide.mcu.externaltools.gnu-tools-for-stm32.10.3-2021.10.macos64_1.0.0.202111181127/tools/bin/../lib/gcc/arm-none-eabi/10.3.1/../../../../arm-none-eabi/lib/thumb/v7-m/nofp/libc_nano.a(lib_a-memcpy-stub.o)
                              ./Core/Src/main.o (memcpy)
/Applications/STM32CubeIDE.app/Contents/Eclipse/plugins/com.st.stm32cube.ide.mcu.externaltools.gnu-tools-for-stm32.10.3-2021.10.macos64_1.0.0.202111181127/tools/bin/../lib/gcc/arm-none-eabi/10.3.1/../../../../arm-none-eabi/lib/thumb/v7-m/nofp/libc_nano.a(lib_a-memset.o)
                              /Applications/STM32CubeIDE.app/Contents/Eclipse/plugins/com.st.stm32cube.ide.mcu.externaltools.gnu-tools-for-stm32.10.3-2021.10.macos64_1.0.0.202111181127/tools/bin/../lib/gcc/arm-none-eabi/10.3.1/../../../../arm-none-eabi/lib/thumb/v7-m/nofp/crt0.o (memset)

Discarded input sections

 .text          0x0000000000000000        0x0 /Applications/STM32CubeIDE.app/Contents/Eclipse/plugins/com.st.stm32cube.ide.mcu.externaltools.gnu-tools-for-stm32.10.3-2021.10.macos64_1.0.0.202111181127/tools/bin/../lib/gcc/arm-none-eabi/10.3.1/thumb/v7-m/nofp/crti.o
 .data          0x0000000000000000        0x0 /Applications/STM32CubeIDE.app/Contents/Eclipse/plugins/com.st.stm32cube.ide.mcu.externaltools.gnu-tools-for-stm32.10.3-2021.10.macos64_1.0.0.202111181127/tools/bin/../lib/gcc/arm-none-eabi/10.3.1/thumb/v7-m/nofp/crti.o
 .bss           0x0000000000000000        0x0 /Applications/STM32CubeIDE.app/Contents/Eclipse/plugins/com.st.stm32cube.ide.mcu.externaltools.gnu-tools-for-stm32.10.3-2021.10.macos64_1.0.0.202111181127/tools/bin/../lib/gcc/arm-none-eabi/10.3.1/thumb/v7-m/nofp/crti.o
 .data          0x0000000000000000        0x4 /Applications/STM32CubeIDE.app/Contents/Eclipse/plugins/com.st.stm32cube.ide.mcu.externaltools.gnu-tools-for-stm32.10.3-2021.10.macos64_1.0.0.202111181127/tools/bin/../lib/gcc/arm-none-eabi/10.3.1/thumb/v7-m/nofp/crtbegin.o
 .rodata        0x0000000000000000       0x24 /Applications/STM32CubeIDE.app/Contents/Eclipse/plugins/com.st.stm32cube.ide.mcu.externaltools.gnu-tools-for-stm32.10.3-2021.10.macos64_1.0.0.202111181127/tools/bin/../lib/gcc/arm-none-eabi/10.3.1/thumb/v7-m/nofp/crtbegin.o
 .text          0x0000000000000000       0x7c /Applications/STM32CubeIDE.app/Contents/Eclipse/plugins/com.st.stm32cube.ide.mcu.externaltools.gnu-tools-for-stm32.10.3-2021.10.macos64_1.0.0.202111181127/tools/bin/../lib/gcc/arm-none-eabi/10.3.1/../../../../arm-none-eabi/lib/thumb/v7-m/nofp/crt0.o
 .data          0x0000000000000000        0x0 /Applications/STM32CubeIDE.app/Contents/Eclipse/plugins/com.st.stm32cube.ide.mcu.externaltools.gnu-tools-for-stm32.10.3-2021.10.macos64_1.0.0.202111181127/tools/bin/../lib/gcc/arm-none-eabi/10.3.1/../../../../arm-none-eabi/lib/thumb/v7-m/nofp/crt0.o
[...]
Memory Configuration

Name             Origin             Length             Attributes
RAM              0x0000000020000000 0x0000000000005000 xrw
FLASH            0x0000000008000000 0x0000000000010000 xr
*default*        0x0000000000000000 0xffffffffffffffff

Linker script and memory map

LOAD /Applications/STM32CubeIDE.app/Contents/Eclipse/plugins/com.st.stm32cube.ide.mcu.externaltools.gnu-tools-for-stm32.10.3-2021.10.macos64_1.0.0.202111181127/tools/bin/../lib/gcc/arm-none-eabi/10.3.1/thumb/v7-m/nofp/crti.o
LOAD /Applications/STM32CubeIDE.app/Contents/Eclipse/plugins/com.st.stm32cube.ide.mcu.externaltools.gnu-tools-for-stm32.10.3-2021.10.macos64_1.0.0.202111181127/tools/bin/../lib/gcc/arm-none-eabi/10.3.1/thumb/v7-m/nofp/crtbegin.o
LOAD /Applications/STM32CubeIDE.app/Contents/Eclipse/plugins/com.st.stm32cube.ide.mcu.externaltools.gnu-tools-for-stm32.10.3-2021.10.macos64_1.0.0.202111181127/tools/bin/../lib/gcc/arm-none-eabi/10.3.1/../../../../arm-none-eabi/lib/thumb/v7-m/nofp/crt0.o
LOAD ./Core/Src/main.o
LOAD ./Core/Src/stm32f1xx_hal_msp.o
LOAD ./Core/Src/stm32f1xx_it.o
LOAD ./Core/Src/syscalls.o
LOAD ./Core/Src/sysmem.o
LOAD ./Core/Src/system_stm32f1xx.o
LOAD ./Core/Startup/startup_stm32f103c8tx.o
LOAD ./Drivers/STM32F1xx_HAL_Driver/Src/stm32f1xx_hal.o
LOAD ./Drivers/STM32F1xx_HAL_Driver/Src/stm32f1xx_hal_cortex.o
LOAD ./Drivers/STM32F1xx_HAL_Driver/Src/stm32f1xx_hal_crc.o
LOAD ./Drivers/STM32F1xx_HAL_Driver/Src/stm32f1xx_hal_dma.o
LOAD ./Drivers/STM32F1xx_HAL_Driver/Src/stm32f1xx_hal_exti.o
LOAD ./Drivers/STM32F1xx_HAL_Driver/Src/stm32f1xx_hal_flash.o
LOAD ./Drivers/STM32F1xx_HAL_Driver/Src/stm32f1xx_hal_flash_ex.o
LOAD ./Drivers/STM32F1xx_HAL_Driver/Src/stm32f1xx_hal_gpio.o
LOAD ./Drivers/STM32F1xx_HAL_Driver/Src/stm32f1xx_hal_gpio_ex.o
LOAD ./Drivers/STM32F1xx_HAL_Driver/Src/stm32f1xx_hal_i2c.o
LOAD ./Drivers/STM32F1xx_HAL_Driver/Src/stm32f1xx_hal_pcd.o
LOAD ./Drivers/STM32F1xx_HAL_Driver/Src/stm32f1xx_hal_pcd_ex.o
LOAD ./Drivers/STM32F1xx_HAL_Driver/Src/stm32f1xx_hal_pwr.o
LOAD ./Drivers/STM32F1xx_HAL_Driver/Src/stm32f1xx_hal_rcc.o
LOAD ./Drivers/STM32F1xx_HAL_Driver/Src/stm32f1xx_hal_rcc_ex.o
LOAD ./Drivers/STM32F1xx_HAL_Driver/Src/stm32f1xx_hal_tim.o
LOAD ./Drivers/STM32F1xx_HAL_Driver/Src/stm32f1xx_hal_tim_ex.o
LOAD ./Drivers/STM32F1xx_HAL_Driver/Src/stm32f1xx_ll_usb.o
LOAD ./Middlewares/ST/STM32_USB_Device_Library/Class/CDC/Src/usbd_cdc.o
LOAD ./Middlewares/ST/STM32_USB_Device_Library/Core/Src/usbd_core.o
LOAD ./Middlewares/ST/STM32_USB_Device_Library/Core/Src/usbd_ctlreq.o
LOAD ./Middlewares/ST/STM32_USB_Device_Library/Core/Src/usbd_ioreq.o
LOAD ./USB_DEVICE/App/usb_device.o
LOAD ./USB_DEVICE/App/usbd_cdc_if.o
LOAD ./USB_DEVICE/App/usbd_desc.o
LOAD ./USB_DEVICE/Target/usbd_conf.o
START GROUP
LOAD /Applications/STM32CubeIDE.app/Contents/Eclipse/plugins/com.st.stm32cube.ide.mcu.externaltools.gnu-tools-for-stm32.10.3-2021.10.macos64_1.0.0.202111181127/tools/bin/../lib/gcc/arm-none-eabi/10.3.1/../../../../arm-none-eabi/lib/thumb/v7-m/nofp/libc_nano.a
LOAD /Applications/STM32CubeIDE.app/Contents/Eclipse/plugins/com.st.stm32cube.ide.mcu.externaltools.gnu-tools-for-stm32.10.3-2021.10.macos64_1.0.0.202111181127/tools/bin/../lib/gcc/arm-none-eabi/10.3.1/../../../../arm-none-eabi/lib/thumb/v7-m/nofp/libm.a
END GROUP
START GROUP
LOAD /Applications/STM32CubeIDE.app/Contents/Eclipse/plugins/com.st.stm32cube.ide.mcu.externaltools.gnu-tools-for-stm32.10.3-2021.10.macos64_1.0.0.202111181127/tools/bin/../lib/gcc/arm-none-eabi/10.3.1/thumb/v7-m/nofp/libgcc.a
LOAD /Applications/STM32CubeIDE.app/Contents/Eclipse/plugins/com.st.stm32cube.ide.mcu.externaltools.gnu-tools-for-stm32.10.3-2021.10.macos64_1.0.0.202111181127/tools/bin/../lib/gcc/arm-none-eabi/10.3.1/../../../../arm-none-eabi/lib/thumb/v7-m/nofp/libc_nano.a
END GROUP
START GROUP
LOAD /Applications/STM32CubeIDE.app/Contents/Eclipse/plugins/com.st.stm32cube.ide.mcu.externaltools.gnu-tools-for-stm32.10.3-2021.10.macos64_1.0.0.202111181127/tools/bin/../lib/gcc/arm-none-eabi/10.3.1/thumb/v7-m/nofp/libgcc.a
LOAD /Applications/STM32CubeIDE.app/Contents/Eclipse/plugins/com.st.stm32cube.ide.mcu.externaltools.gnu-tools-for-stm32.10.3-2021.10.macos64_1.0.0.202111181127/tools/bin/../lib/gcc/arm-none-eabi/10.3.1/../../../../arm-none-eabi/lib/thumb/v7-m/nofp/libc_nano.a
LOAD /Applications/STM32CubeIDE.app/Contents/Eclipse/plugins/com.st.stm32cube.ide.mcu.externaltools.gnu-tools-for-stm32.10.3-2021.10.macos64_1.0.0.202111181127/tools/bin/../lib/gcc/arm-none-eabi/10.3.1/../../../../arm-none-eabi/lib/thumb/v7-m/nofp/libnosys.a
END GROUP
START GROUP
LOAD /Applications/STM32CubeIDE.app/Contents/Eclipse/plugins/com.st.stm32cube.ide.mcu.externaltools.gnu-tools-for-stm32.10.3-2021.10.macos64_1.0.0.202111181127/tools/bin/../lib/gcc/arm-none-eabi/10.3.1/thumb/v7-m/nofp/libgcc.a
LOAD /Applications/STM32CubeIDE.app/Contents/Eclipse/plugins/com.st.stm32cube.ide.mcu.externaltools.gnu-tools-for-stm32.10.3-2021.10.macos64_1.0.0.202111181127/tools/bin/../lib/gcc/arm-none-eabi/10.3.1/../../../../arm-none-eabi/lib/thumb/v7-m/nofp/libc_nano.a
LOAD /Applications/STM32CubeIDE.app/Contents/Eclipse/plugins/com.st.stm32cube.ide.mcu.externaltools.gnu-tools-for-stm32.10.3-2021.10.macos64_1.0.0.202111181127/tools/bin/../lib/gcc/arm-none-eabi/10.3.1/../../../../arm-none-eabi/lib/thumb/v7-m/nofp/libnosys.a
END GROUP
LOAD /Applications/STM32CubeIDE.app/Contents/Eclipse/plugins/com.st.stm32cube.ide.mcu.externaltools.gnu-tools-for-stm32.10.3-2021.10.macos64_1.0.0.202111181127/tools/bin/../lib/gcc/arm-none-eabi/10.3.1/thumb/v7-m/nofp/crtend.o
LOAD /Applications/STM32CubeIDE.app/Contents/Eclipse/plugins/com.st.stm32cube.ide.mcu.externaltools.gnu-tools-for-stm32.10.3-2021.10.macos64_1.0.0.202111181127/tools/bin/../lib/gcc/arm-none-eabi/10.3.1/thumb/v7-m/nofp/crtn.o
                0x0000000020005000                _estack = (ORIGIN (RAM) + LENGTH (RAM))
                0x0000000000000200                _Min_Heap_Size = 0x200
                0x0000000000000400                _Min_Stack_Size = 0x400

.isr_vector     0x0000000008000000      0x10c
                0x0000000008000000                . = ALIGN (0x4)
 *(.isr_vector)
 .isr_vector    0x0000000008000000      0x10c ./Core/Startup/startup_stm32f103c8tx.o
                0x0000000008000000                g_pfnVectors
                0x000000000800010c                . = ALIGN (0x4)

.text           0x000000000800010c     0x7e80
                0x000000000800010c                . = ALIGN (0x4)
 *(.text)
 .text          0x000000000800010c       0x40 /Applications/STM32CubeIDE.app/Contents/Eclipse/plugins/com.st.stm32cube.ide.mcu.externaltools.gnu-tools-for-stm32.10.3-2021.10.macos64_1.0.0.202111181127/tools/bin/../lib/gcc/arm-none-eabi/10.3.1/thumb/v7-m/nofp/crtbegin.o
 *(.text*)
 .text.unpack_metadata
                0x000000000800014c       0xb0 ./Core/Src/main.o
                0x000000000800014c                unpack_metadata
 .text.client_send_metadata
                0x00000000080001fc       0x64 ./Core/Src/main.o
                0x00000000080001fc                client_send_metadata
 .text.main     0x0000000008000260       0x4c ./Core/Src/main.o
                0x0000000008000260                main
 .text.SystemClock_Config
                0x00000000080002ac       0xb6 ./Core/Src/main.o
                0x00000000080002ac                SystemClock_Config
 *fill*         0x0000000008000362        0x2 
 .text.MX_CRC_Init
                0x0000000008000364       0x28 ./Core/Src/main.o
 .text.MX_I2C1_Init
                0x000000000800038c       0x5c ./Core/Src/main.o
 .text.MX_GPIO_Init
                0x00000000080003e8      0x120 ./Core/Src/main.o
 .text.Error_Handler
                0x0000000008000508        0xa ./Core/Src/main.o
                0x0000000008000508                Error_Handler
 *fill*         0x0000000008000512        0x2 
 .text.HAL_MspInit
                0x0000000008000514       0x64 ./Core/Src/stm32f1xx_hal_msp.o
                0x0000000008000514                HAL_MspInit
 .text.HAL_CRC_MspInit
                0x0000000008000578       0x3c ./Core/Src/stm32f1xx_hal_msp.o
                0x0000000008000578                HAL_CRC_MspInit
 .text.HAL_I2C_MspInit
                0x00000000080005b4       0x7c ./Core/Src/stm32f1xx_hal_msp.o
                0x00000000080005b4                HAL_I2C_MspInit
 .text.NMI_Handler
                0x0000000008000630        0x6 ./Core/Src/stm32f1xx_it.o
                0x0000000008000630                NMI_Handler
 .text.HardFault_Handler
                0x0000000008000636        0x6 ./Core/Src/stm32f1xx_it.o
                0x0000000008000636                HardFault_Handler
 .text.MemManage_Handler
                0x000000000800063c        0x6 ./Core/Src/stm32f1xx_it.o
                0x000000000800063c                MemManage_Handler
 .text.BusFault_Handler
                0x0000000008000642        0x6 ./Core/Src/stm32f1xx_it.o
                0x0000000008000642                BusFault_Handler
 .text.UsageFault_Handler
                0x0000000008000648        0x6 ./Core/Src/stm32f1xx_it.o
                0x0000000008000648                UsageFault_Handler
 .text.SVC_Handler
                0x000000000800064e        0xc ./Core/Src/stm32f1xx_it.o
                0x000000000800064e                SVC_Handler
 .text.DebugMon_Handler
                0x000000000800065a        0xc ./Core/Src/stm32f1xx_it.o
                0x000000000800065a                DebugMon_Handler
 .text.PendSV_Handler
                0x0000000008000666        0xc ./Core/Src/stm32f1xx_it.o
                0x0000000008000666                PendSV_Handler
 .text.SysTick_Handler
                0x0000000008000672        0xc ./Core/Src/stm32f1xx_it.o
                0x0000000008000672                SysTick_Handler
 *fill*         0x000000000800067e        0x2 
 .text.USB_LP_CAN1_RX0_IRQHandler
                0x0000000008000680       0x14 ./Core/Src/stm32f1xx_it.o
                0x0000000008000680                USB_LP_CAN1_RX0_IRQHandler
 .text.SystemInit
                0x0000000008000694        0xc ./Core/Src/system_stm32f1xx.o
                0x0000000008000694                SystemInit
 .text.Reset_Handler
                0x00000000080006a0       0x48 ./Core/Startup/startup_stm32f103c8tx.o
                0x00000000080006a0                Reset_Handler
 .text.Default_Handler
                0x00000000080006e8        0x2 ./Core/Startup/startup_stm32f103c8tx.o
                0x00000000080006e8                USBWakeUp_IRQHandler
                0x00000000080006e8                EXTI2_IRQHandler
                0x00000000080006e8                TIM1_CC_IRQHandler
                0x00000000080006e8                PVD_IRQHandler
                0x00000000080006e8                EXTI3_IRQHandler
                0x00000000080006e8                EXTI0_IRQHandler
                0x00000000080006e8                I2C2_EV_IRQHandler
                0x00000000080006e8                ADC1_2_IRQHandler
                0x00000000080006e8                SPI1_IRQHandler
                0x00000000080006e8                TAMPER_IRQHandler
                0x00000000080006e8                DMA1_Channel4_IRQHandler
                0x00000000080006e8                USART3_IRQHandler
                0x00000000080006e8                RTC_IRQHandler
                0x00000000080006e8                DMA1_Channel7_IRQHandler
                0x00000000080006e8                CAN1_RX1_IRQHandler
                0x00000000080006e8                TIM4_IRQHandler
                0x00000000080006e8                I2C1_EV_IRQHandler
                0x00000000080006e8                DMA1_Channel6_IRQHandler
                0x00000000080006e8                TIM3_IRQHandler
                0x00000000080006e8                RCC_IRQHandler
                0x00000000080006e8                TIM1_TRG_COM_IRQHandler
                0x00000000080006e8                DMA1_Channel1_IRQHandler
                0x00000000080006e8                Default_Handler
                0x00000000080006e8                EXTI15_10_IRQHandler
                0x00000000080006e8                EXTI9_5_IRQHandler
                0x00000000080006e8                SPI2_IRQHandler
                0x00000000080006e8                DMA1_Channel5_IRQHandler
                0x00000000080006e8                EXTI4_IRQHandler
                0x00000000080006e8                USB_HP_CAN1_TX_IRQHandler
                0x00000000080006e8                DMA1_Channel3_IRQHandler
                0x00000000080006e8                TIM1_UP_IRQHandler
                0x00000000080006e8                WWDG_IRQHandler
                0x00000000080006e8                TIM2_IRQHandler
                0x00000000080006e8                TIM1_BRK_IRQHandler
                0x00000000080006e8                EXTI1_IRQHandler
                0x00000000080006e8                USART2_IRQHandler
                0x00000000080006e8                I2C2_ER_IRQHandler
                0x00000000080006e8                DMA1_Channel2_IRQHandler
                0x00000000080006e8                CAN1_SCE_IRQHandler
                0x00000000080006e8                FLASH_IRQHandler
                0x00000000080006e8                USART1_IRQHandler
                0x00000000080006e8                I2C1_ER_IRQHandler
                0x00000000080006e8                RTC_Alarm_IRQHandler
 *fill*         0x00000000080006ea        0x2 
 .text.HAL_Init
                0x00000000080006ec       0x2c ./Drivers/STM32F1xx_HAL_Driver/Src/stm32f1xx_hal.o
                0x00000000080006ec                HAL_Init
 .text.HAL_InitTick
                0x0000000008000718       0x60 ./Drivers/STM32F1xx_HAL_Driver/Src/stm32f1xx_hal.o
                0x0000000008000718                HAL_InitTick
 .text.HAL_IncTick
                0x0000000008000778       0x24 ./Drivers/STM32F1xx_HAL_Driver/Src/stm32f1xx_hal.o
                0x0000000008000778                HAL_IncTick
 .text.HAL_GetTick
                0x000000000800079c       0x14 ./Drivers/STM32F1xx_HAL_Driver/Src/stm32f1xx_hal.o
                0x000000000800079c                HAL_GetTick
 .text.HAL_Delay
                0x00000000080007b0       0x48 ./Drivers/STM32F1xx_HAL_Driver/Src/stm32f1xx_hal.o
                0x00000000080007b0                HAL_Delay
 .text.__NVIC_SetPriorityGrouping
                0x00000000080007f8       0x48 ./Drivers/STM32F1xx_HAL_Driver/Src/stm32f1xx_hal_cortex.o
 .text.__NVIC_GetPriorityGrouping
                0x0000000008000840       0x1c ./Drivers/STM32F1xx_HAL_Driver/Src/stm32f1xx_hal_cortex.o
 .text.__NVIC_EnableIRQ
                0x000000000800085c       0x38 ./Drivers/STM32F1xx_HAL_Driver/Src/stm32f1xx_hal_cortex.o
 .text.__NVIC_SetPriority
                0x0000000008000894       0x54 ./Drivers/STM32F1xx_HAL_Driver/Src/stm32f1xx_hal_cortex.o
 .text.NVIC_EncodePriority
                0x00000000080008e8       0x64 ./Drivers/STM32F1xx_HAL_Driver/Src/stm32f1xx_hal_cortex.o
 .text.SysTick_Config
                0x000000000800094c       0x44 ./Drivers/STM32F1xx_HAL_Driver/Src/stm32f1xx_hal_cortex.o
 .text.HAL_NVIC_SetPriorityGrouping
                0x0000000008000990       0x16 ./Drivers/STM32F1xx_HAL_Driver/Src/stm32f1xx_hal_cortex.o
                0x0000000008000990                HAL_NVIC_SetPriorityGrouping
 .text.HAL_NVIC_SetPriority
                0x00000000080009a6       0x38 ./Drivers/STM32F1xx_HAL_Driver/Src/stm32f1xx_hal_cortex.o
                0x00000000080009a6                HAL_NVIC_SetPriority
 .text.HAL_NVIC_EnableIRQ
                0x00000000080009de       0x1c ./Drivers/STM32F1xx_HAL_Driver/Src/stm32f1xx_hal_cortex.o
                0x00000000080009de                HAL_NVIC_EnableIRQ
 .text.HAL_SYSTICK_Config
                0x00000000080009fa       0x18 ./Drivers/STM32F1xx_HAL_Driver/Src/stm32f1xx_hal_cortex.o
                0x00000000080009fa                HAL_SYSTICK_Config
 .text.HAL_CRC_Init
                0x0000000008000a12       0x38 ./Drivers/STM32F1xx_HAL_Driver/Src/stm32f1xx_hal_crc.o
                0x0000000008000a12                HAL_CRC_Init
 *fill*         0x0000000008000a4a        0x2 
 .text.HAL_GPIO_Init
                0x0000000008000a4c      0x308 ./Drivers/STM32F1xx_HAL_Driver/Src/stm32f1xx_hal_gpio.o
                0x0000000008000a4c                HAL_GPIO_Init
 .text.HAL_GPIO_WritePin
                0x0000000008000d54       0x30 ./Drivers/STM32F1xx_HAL_Driver/Src/stm32f1xx_hal_gpio.o
                0x0000000008000d54                HAL_GPIO_WritePin
 .text.HAL_GPIO_TogglePin
                0x0000000008000d84       0x32 ./Drivers/STM32F1xx_HAL_Driver/Src/stm32f1xx_hal_gpio.o
                0x0000000008000d84                HAL_GPIO_TogglePin
 *fill*         0x0000000008000db6        0x2 
 .text.HAL_I2C_Init
                0x0000000008000db8      0x288 ./Drivers/STM32F1xx_HAL_Driver/Src/stm32f1xx_hal_i2c.o
                0x0000000008000db8                HAL_I2C_Init
 .text.HAL_PCD_Init
                0x0000000008001040      0x216 ./Drivers/STM32F1xx_HAL_Driver/Src/stm32f1xx_hal_pcd.o
                0x0000000008001040                HAL_PCD_Init
 .text.HAL_PCD_Start
                0x0000000008001256       0x4c ./Drivers/STM32F1xx_HAL_Driver/Src/stm32f1xx_hal_pcd.o
                0x0000000008001256                HAL_PCD_Start
 .text.HAL_PCD_IRQHandler
                0x00000000080012a2      0x2a6 ./Drivers/STM32F1xx_HAL_Driver/Src/stm32f1xx_hal_pcd.o
                0x00000000080012a2                HAL_PCD_IRQHandler
 .text.HAL_PCD_SetAddress
                0x0000000008001548       0x4a ./Drivers/STM32F1xx_HAL_Driver/Src/stm32f1xx_hal_pcd.o
                0x0000000008001548                HAL_PCD_SetAddress
 .text.HAL_PCD_EP_Open
                0x0000000008001592       0xcc ./Drivers/STM32F1xx_HAL_Driver/Src/stm32f1xx_hal_pcd.o
                0x0000000008001592                HAL_PCD_EP_Open
 .text.HAL_PCD_EP_Close
                0x000000000800165e       0x90 ./Drivers/STM32F1xx_HAL_Driver/Src/stm32f1xx_hal_pcd.o
                0x000000000800165e                HAL_PCD_EP_Close
 .text.HAL_PCD_EP_Receive
                0x00000000080016ee       0x7a ./Drivers/STM32F1xx_HAL_Driver/Src/stm32f1xx_hal_pcd.o
                0x00000000080016ee                HAL_PCD_EP_Receive
 .text.HAL_PCD_EP_GetRxCount
                0x0000000008001768       0x2e ./Drivers/STM32F1xx_HAL_Driver/Src/stm32f1xx_hal_pcd.o
                0x0000000008001768                HAL_PCD_EP_GetRxCount
 .text.HAL_PCD_EP_Transmit
                0x0000000008001796       0x86 ./Drivers/STM32F1xx_HAL_Driver/Src/stm32f1xx_hal_pcd.o
                0x0000000008001796                HAL_PCD_EP_Transmit
 .text.HAL_PCD_EP_SetStall
                0x000000000800181c       0xc0 ./Drivers/STM32F1xx_HAL_Driver/Src/stm32f1xx_hal_pcd.o
                0x000000000800181c                HAL_PCD_EP_SetStall
 .text.HAL_PCD_EP_ClrStall
                0x00000000080018dc       0xa8 ./Drivers/STM32F1xx_HAL_Driver/Src/stm32f1xx_hal_pcd.o
                0x00000000080018dc                HAL_PCD_EP_ClrStall
 .text.PCD_EP_ISR_Handler
                0x0000000008001984      0x600 ./Drivers/STM32F1xx_HAL_Driver/Src/stm32f1xx_hal_pcd.o
 .text.HAL_PCD_EP_DB_Receive
                0x0000000008001f84      0x21a ./Drivers/STM32F1xx_HAL_Driver/Src/stm32f1xx_hal_pcd.o
 .text.HAL_PCD_EP_DB_Transmit
                0x000000000800219e      0x7a4 ./Drivers/STM32F1xx_HAL_Driver/Src/stm32f1xx_hal_pcd.o
 .text.HAL_PCDEx_PMAConfig
                0x0000000008002942       0x84 ./Drivers/STM32F1xx_HAL_Driver/Src/stm32f1xx_hal_pcd_ex.o
                0x0000000008002942                HAL_PCDEx_PMAConfig
 *fill*         0x00000000080029c6        0x2 
 .text.HAL_RCC_OscConfig
                0x00000000080029c8      0x504 ./Drivers/STM32F1xx_HAL_Driver/Src/stm32f1xx_hal_rcc.o
                0x00000000080029c8                HAL_RCC_OscConfig
 .text.HAL_RCC_ClockConfig
                0x0000000008002ecc      0x1d4 ./Drivers/STM32F1xx_HAL_Driver/Src/stm32f1xx_hal_rcc.o
                0x0000000008002ecc                HAL_RCC_ClockConfig
 .text.HAL_RCC_GetSysClockFreq
                0x00000000080030a0       0xbc ./Drivers/STM32F1xx_HAL_Driver/Src/stm32f1xx_hal_rcc.o
                0x00000000080030a0                HAL_RCC_GetSysClockFreq
 .text.HAL_RCC_GetHCLKFreq
                0x000000000800315c       0x14 ./Drivers/STM32F1xx_HAL_Driver/Src/stm32f1xx_hal_rcc.o
                0x000000000800315c                HAL_RCC_GetHCLKFreq
 .text.HAL_RCC_GetPCLK1Freq
                0x0000000008003170       0x28 ./Drivers/STM32F1xx_HAL_Driver/Src/stm32f1xx_hal_rcc.o
                0x0000000008003170                HAL_RCC_GetPCLK1Freq
 .text.RCC_Delay
                0x0000000008003198       0x3c ./Drivers/STM32F1xx_HAL_Driver/Src/stm32f1xx_hal_rcc.o
 .text.HAL_RCCEx_PeriphCLKConfig
                0x00000000080031d4      0x16c ./Drivers/STM32F1xx_HAL_Driver/Src/stm32f1xx_hal_rcc_ex.o
                0x00000000080031d4                HAL_RCCEx_PeriphCLKConfig
 .text.USB_CoreInit
                0x0000000008003340       0x20 ./Drivers/STM32F1xx_HAL_Driver/Src/stm32f1xx_ll_usb.o
                0x0000000008003340                USB_CoreInit
 .text.USB_EnableGlobalInt
                0x0000000008003360       0x2c ./Drivers/STM32F1xx_HAL_Driver/Src/stm32f1xx_ll_usb.o
                0x0000000008003360                USB_EnableGlobalInt
 .text.USB_DisableGlobalInt
                0x000000000800338c       0x34 ./Drivers/STM32F1xx_HAL_Driver/Src/stm32f1xx_ll_usb.o
                0x000000000800338c                USB_DisableGlobalInt
 .text.USB_SetCurrentMode
                0x00000000080033c0       0x18 ./Drivers/STM32F1xx_HAL_Driver/Src/stm32f1xx_ll_usb.o
                0x00000000080033c0                USB_SetCurrentMode
 .text.USB_DevInit
                0x00000000080033d8       0x40 ./Drivers/STM32F1xx_HAL_Driver/Src/stm32f1xx_ll_usb.o
                0x00000000080033d8                USB_DevInit
 .text.USB_ActivateEndpoint
                0x0000000008003418      0x6d4 ./Drivers/STM32F1xx_HAL_Driver/Src/stm32f1xx_ll_usb.o
                0x0000000008003418                USB_ActivateEndpoint
 .text.USB_DeactivateEndpoint
                0x0000000008003aec      0x3d8 ./Drivers/STM32F1xx_HAL_Driver/Src/stm32f1xx_ll_usb.o
                0x0000000008003aec                USB_DeactivateEndpoint
 .text.USB_EPStartXfer
                0x0000000008003ec4     0x1c70 ./Drivers/STM32F1xx_HAL_Driver/Src/stm32f1xx_ll_usb.o
                0x0000000008003ec4                USB_EPStartXfer
 .text.USB_EPSetStall
                0x0000000008005b34       0xa0 ./Drivers/STM32F1xx_HAL_Driver/Src/stm32f1xx_ll_usb.o
                0x0000000008005b34                USB_EPSetStall
 .text.USB_EPClearStall
                0x0000000008005bd4      0x15a ./Drivers/STM32F1xx_HAL_Driver/Src/stm32f1xx_ll_usb.o
                0x0000000008005bd4                USB_EPClearStall
 .text.USB_SetDevAddress
                0x0000000008005d2e       0x26 ./Drivers/STM32F1xx_HAL_Driver/Src/stm32f1xx_ll_usb.o
                0x0000000008005d2e                USB_SetDevAddress
 .text.USB_DevConnect
                0x0000000008005d54       0x14 ./Drivers/STM32F1xx_HAL_Driver/Src/stm32f1xx_ll_usb.o
                0x0000000008005d54                USB_DevConnect
 .text.USB_DevDisconnect
                0x0000000008005d68       0x14 ./Drivers/STM32F1xx_HAL_Driver/Src/stm32f1xx_ll_usb.o
                0x0000000008005d68                USB_DevDisconnect
 .text.USB_ReadInterrupts
                0x0000000008005d7c       0x1e ./Drivers/STM32F1xx_HAL_Driver/Src/stm32f1xx_ll_usb.o
                0x0000000008005d7c                USB_ReadInterrupts
 .text.USB_EP0_OutStart
                0x0000000008005d9a       0x16 ./Drivers/STM32F1xx_HAL_Driver/Src/stm32f1xx_ll_usb.o
                0x0000000008005d9a                USB_EP0_OutStart
 .text.USB_WritePMA
                0x0000000008005db0       0x8a ./Drivers/STM32F1xx_HAL_Driver/Src/stm32f1xx_ll_usb.o
                0x0000000008005db0                USB_WritePMA
 .text.USB_ReadPMA
                0x0000000008005e3a       0x9e ./Drivers/STM32F1xx_HAL_Driver/Src/stm32f1xx_ll_usb.o
                0x0000000008005e3a                USB_ReadPMA
 .text.USBD_CDC_Init
                0x0000000008005ed8       0xf4 ./Middlewares/ST/STM32_USB_Device_Library/Class/CDC/Src/usbd_cdc.o
 .text.USBD_CDC_DeInit
                0x0000000008005fcc       0x6e ./Middlewares/ST/STM32_USB_Device_Library/Class/CDC/Src/usbd_cdc.o
 .text.USBD_CDC_Setup
                0x000000000800603a      0x146 ./Middlewares/ST/STM32_USB_Device_Library/Class/CDC/Src/usbd_cdc.o
 .text.USBD_CDC_DataIn
                0x0000000008006180       0xa6 ./Middlewares/ST/STM32_USB_Device_Library/Class/CDC/Src/usbd_cdc.o
 .text.USBD_CDC_DataOut
                0x0000000008006226       0x56 ./Middlewares/ST/STM32_USB_Device_Library/Class/CDC/Src/usbd_cdc.o
 .text.USBD_CDC_EP0_RxReady
                0x000000000800627c       0x50 ./Middlewares/ST/STM32_USB_Device_Library/Class/CDC/Src/usbd_cdc.o
 .text.USBD_CDC_GetFSCfgDesc
                0x00000000080062cc       0x20 ./Middlewares/ST/STM32_USB_Device_Library/Class/CDC/Src/usbd_cdc.o
 .text.USBD_CDC_GetHSCfgDesc
                0x00000000080062ec       0x20 ./Middlewares/ST/STM32_USB_Device_Library/Class/CDC/Src/usbd_cdc.o
 .text.USBD_CDC_GetOtherSpeedCfgDesc
                0x000000000800630c       0x20 ./Middlewares/ST/STM32_USB_Device_Library/Class/CDC/Src/usbd_cdc.o
 .text.USBD_CDC_GetDeviceQualifierDescriptor
                0x000000000800632c       0x20 ./Middlewares/ST/STM32_USB_Device_Library/Class/CDC/Src/usbd_cdc.o
                0x000000000800632c                USBD_CDC_GetDeviceQualifierDescriptor
 .text.USBD_CDC_RegisterInterface
                0x000000000800634c       0x2c ./Middlewares/ST/STM32_USB_Device_Library/Class/CDC/Src/usbd_cdc.o
                0x000000000800634c                USBD_CDC_RegisterInterface
 .text.USBD_CDC_SetTxBuffer
                0x0000000008006378       0x32 ./Middlewares/ST/STM32_USB_Device_Library/Class/CDC/Src/usbd_cdc.o
                0x0000000008006378                USBD_CDC_SetTxBuffer
 .text.USBD_CDC_SetRxBuffer
                0x00000000080063aa       0x26 ./Middlewares/ST/STM32_USB_Device_Library/Class/CDC/Src/usbd_cdc.o
                0x00000000080063aa                USBD_CDC_SetRxBuffer
 .text.USBD_CDC_TransmitPacket
                0x00000000080063d0       0x5e ./Middlewares/ST/STM32_USB_Device_Library/Class/CDC/Src/usbd_cdc.o
                0x00000000080063d0                USBD_CDC_TransmitPacket
 .text.USBD_CDC_ReceivePacket
                0x000000000800642e       0x54 ./Middlewares/ST/STM32_USB_Device_Library/Class/CDC/Src/usbd_cdc.o
                0x000000000800642e                USBD_CDC_ReceivePacket
 .text.USBD_Init
                0x0000000008006482       0x56 ./Middlewares/ST/STM32_USB_Device_Library/Core/Src/usbd_core.o
                0x0000000008006482                USBD_Init
 .text.USBD_RegisterClass
                0x00000000080064d8       0x32 ./Middlewares/ST/STM32_USB_Device_Library/Core/Src/usbd_core.o
                0x00000000080064d8                USBD_RegisterClass
 .text.USBD_Start
                0x000000000800650a       0x18 ./Middlewares/ST/STM32_USB_Device_Library/Core/Src/usbd_core.o
                0x000000000800650a                USBD_Start
 .text.USBD_RunTestMode
                0x0000000008006522       0x14 ./Middlewares/ST/STM32_USB_Device_Library/Core/Src/usbd_core.o
                0x0000000008006522                USBD_RunTestMode
 .text.USBD_SetClassConfig
                0x0000000008006536       0x3e ./Middlewares/ST/STM32_USB_Device_Library/Core/Src/usbd_core.o
                0x0000000008006536                USBD_SetClassConfig
 .text.USBD_ClrClassConfig
                0x0000000008006574       0x26 ./Middlewares/ST/STM32_USB_Device_Library/Core/Src/usbd_core.o
                0x0000000008006574                USBD_ClrClassConfig
 .text.USBD_LL_SetupStage
                0x000000000800659a       0x9a ./Middlewares/ST/STM32_USB_Device_Library/Core/Src/usbd_core.o
                0x000000000800659a                USBD_LL_SetupStage
 .text.USBD_LL_DataOutStage
                0x0000000008006634       0xe2 ./Middlewares/ST/STM32_USB_Device_Library/Core/Src/usbd_core.o
                0x0000000008006634                USBD_LL_DataOutStage
 .text.USBD_LL_DataInStage
                0x0000000008006716      0x14a ./Middlewares/ST/STM32_USB_Device_Library/Core/Src/usbd_core.o
                0x0000000008006716                USBD_LL_DataInStage
 .text.USBD_LL_Reset
                0x0000000008006860       0x82 ./Middlewares/ST/STM32_USB_Device_Library/Core/Src/usbd_core.o
                0x0000000008006860                USBD_LL_Reset
 .text.USBD_LL_SetSpeed
                0x00000000080068e2       0x1e ./Middlewares/ST/STM32_USB_Device_Library/Core/Src/usbd_core.o
                0x00000000080068e2                USBD_LL_SetSpeed
 .text.USBD_LL_Suspend
                0x0000000008006900       0x28 ./Middlewares/ST/STM32_USB_Device_Library/Core/Src/usbd_core.o
                0x0000000008006900                USBD_LL_Suspend
 .text.USBD_LL_Resume
                0x0000000008006928       0x2a ./Middlewares/ST/STM32_USB_Device_Library/Core/Src/usbd_core.o
                0x0000000008006928                USBD_LL_Resume
 .text.USBD_LL_SOF
                0x0000000008006952       0x34 ./Middlewares/ST/STM32_USB_Device_Library/Core/Src/usbd_core.o
                0x0000000008006952                USBD_LL_SOF
 *fill*         0x0000000008006986        0x2 
 .text.USBD_StdDevReq
                0x0000000008006988       0xd4 ./Middlewares/ST/STM32_USB_Device_Library/Core/Src/usbd_ctlreq.o
                0x0000000008006988                USBD_StdDevReq
 .text.USBD_StdItfReq
                0x0000000008006a5c       0x90 ./Middlewares/ST/STM32_USB_Device_Library/Core/Src/usbd_ctlreq.o
                0x0000000008006a5c                USBD_StdItfReq
 .text.USBD_StdEPReq
                0x0000000008006aec      0x2c6 ./Middlewares/ST/STM32_USB_Device_Library/Core/Src/usbd_ctlreq.o
                0x0000000008006aec                USBD_StdEPReq
 *fill*         0x0000000008006db2        0x2 
 .text.USBD_GetDescriptor
                0x0000000008006db4      0x2d0 ./Middlewares/ST/STM32_USB_Device_Library/Core/Src/usbd_ctlreq.o
 .text.USBD_SetAddress
                0x0000000008007084       0x86 ./Middlewares/ST/STM32_USB_Device_Library/Core/Src/usbd_ctlreq.o
 *fill*         0x000000000800710a        0x2 
 .text.USBD_SetConfig
                0x000000000800710c      0x11c ./Middlewares/ST/STM32_USB_Device_Library/Core/Src/usbd_ctlreq.o
 .text.USBD_GetConfig
                0x0000000008007228       0x6a ./Middlewares/ST/STM32_USB_Device_Library/Core/Src/usbd_ctlreq.o
 .text.USBD_GetStatus
                0x0000000008007292       0x66 ./Middlewares/ST/STM32_USB_Device_Library/Core/Src/usbd_ctlreq.o
 .text.USBD_SetFeature
                0x00000000080072f8       0x28 ./Middlewares/ST/STM32_USB_Device_Library/Core/Src/usbd_ctlreq.o
 .text.USBD_ClrFeature
                0x0000000008007320       0x42 ./Middlewares/ST/STM32_USB_Device_Library/Core/Src/usbd_ctlreq.o
 .text.USBD_ParseSetupRequest
                0x0000000008007362       0x78 ./Middlewares/ST/STM32_USB_Device_Library/Core/Src/usbd_ctlreq.o
                0x0000000008007362                USBD_ParseSetupRequest
 .text.USBD_CtlError
                0x00000000080073da       0x22 ./Middlewares/ST/STM32_USB_Device_Library/Core/Src/usbd_ctlreq.o
                0x00000000080073da                USBD_CtlError
 .text.USBD_GetString
                0x00000000080073fc       0x84 ./Middlewares/ST/STM32_USB_Device_Library/Core/Src/usbd_ctlreq.o
                0x00000000080073fc                USBD_GetString
 .text.USBD_GetLen
                0x0000000008007480       0x2e ./Middlewares/ST/STM32_USB_Device_Library/Core/Src/usbd_ctlreq.o
 .text.USBD_CtlSendData
                0x00000000080074ae       0x38 ./Middlewares/ST/STM32_USB_Device_Library/Core/Src/usbd_ioreq.o
                0x00000000080074ae                USBD_CtlSendData
 .text.USBD_CtlContinueSendData
                0x00000000080074e6       0x24 ./Middlewares/ST/STM32_USB_Device_Library/Core/Src/usbd_ioreq.o
                0x00000000080074e6                USBD_CtlContinueSendData
 .text.USBD_CtlPrepareRx
                0x000000000800750a       0x3c ./Middlewares/ST/STM32_USB_Device_Library/Core/Src/usbd_ioreq.o
                0x000000000800750a                USBD_CtlPrepareRx
 .text.USBD_CtlContinueRx
                0x0000000008007546       0x24 ./Middlewares/ST/STM32_USB_Device_Library/Core/Src/usbd_ioreq.o
                0x0000000008007546                USBD_CtlContinueRx
 .text.USBD_CtlSendStatus
                0x000000000800756a       0x26 ./Middlewares/ST/STM32_USB_Device_Library/Core/Src/usbd_ioreq.o
                0x000000000800756a                USBD_CtlSendStatus
 .text.USBD_CtlReceiveStatus
                0x0000000008007590       0x26 ./Middlewares/ST/STM32_USB_Device_Library/Core/Src/usbd_ioreq.o
                0x0000000008007590                USBD_CtlReceiveStatus
 *fill*         0x00000000080075b6        0x2 
 .text.MX_USB_DEVICE_Init
                0x00000000080075b8       0x60 ./USB_DEVICE/App/usb_device.o
                0x00000000080075b8                MX_USB_DEVICE_Init
 .text.CDC_Init_FS
                0x0000000008007618       0x28 ./USB_DEVICE/App/usbd_cdc_if.o
 .text.CDC_DeInit_FS
                0x0000000008007640        0xe ./USB_DEVICE/App/usbd_cdc_if.o
 *fill*         0x000000000800764e        0x2 
 .text.CDC_Control_FS
                0x0000000008007650       0xbc ./USB_DEVICE/App/usbd_cdc_if.o
 .text.CDC_Receive_FS
                0x000000000800770c       0x38 ./USB_DEVICE/App/usbd_cdc_if.o
 .text.CDC_Transmit_FS
                0x0000000008007744       0x4c ./USB_DEVICE/App/usbd_cdc_if.o
                0x0000000008007744                CDC_Transmit_FS
 .text.USBD_FS_DeviceDescriptor
                0x0000000008007790       0x24 ./USB_DEVICE/App/usbd_desc.o
                0x0000000008007790                USBD_FS_DeviceDescriptor
 .text.USBD_FS_LangIDStrDescriptor
                0x00000000080077b4       0x24 ./USB_DEVICE/App/usbd_desc.o
                0x00000000080077b4                USBD_FS_LangIDStrDescriptor
 .text.USBD_FS_ProductStrDescriptor
                0x00000000080077d8       0x3c ./USB_DEVICE/App/usbd_desc.o
                0x00000000080077d8                USBD_FS_ProductStrDescriptor
 .text.USBD_FS_ManufacturerStrDescriptor
                0x0000000008007814       0x28 ./USB_DEVICE/App/usbd_desc.o
                0x0000000008007814                USBD_FS_ManufacturerStrDescriptor
 .text.USBD_FS_SerialStrDescriptor
                0x000000000800783c       0x24 ./USB_DEVICE/App/usbd_desc.o
                0x000000000800783c                USBD_FS_SerialStrDescriptor
 .text.USBD_FS_ConfigStrDescriptor
                0x0000000008007860       0x3c ./USB_DEVICE/App/usbd_desc.o
                0x0000000008007860                USBD_FS_ConfigStrDescriptor
 .text.USBD_FS_InterfaceStrDescriptor
                0x000000000800789c       0x3c ./USB_DEVICE/App/usbd_desc.o
                0x000000000800789c                USBD_FS_InterfaceStrDescriptor
 .text.Get_SerialNum
                0x00000000080078d8       0x58 ./USB_DEVICE/App/usbd_desc.o
 .text.IntToUnicode
                0x0000000008007930       0x7c ./USB_DEVICE/App/usbd_desc.o
 .text.HAL_PCD_MspInit
                0x00000000080079ac       0x4c ./USB_DEVICE/Target/usbd_conf.o
                0x00000000080079ac                HAL_PCD_MspInit
 .text.HAL_PCD_SetupStageCallback
                0x00000000080079f8       0x24 ./USB_DEVICE/Target/usbd_conf.o
                0x00000000080079f8                HAL_PCD_SetupStageCallback
 .text.HAL_PCD_DataOutStageCallback
                0x0000000008007a1c       0x36 ./USB_DEVICE/Target/usbd_conf.o
                0x0000000008007a1c                HAL_PCD_DataOutStageCallback
 .text.HAL_PCD_DataInStageCallback
                0x0000000008007a52       0x34 ./USB_DEVICE/Target/usbd_conf.o
                0x0000000008007a52                HAL_PCD_DataInStageCallback
 .text.HAL_PCD_SOFCallback
                0x0000000008007a86       0x1c ./USB_DEVICE/Target/usbd_conf.o
                0x0000000008007a86                HAL_PCD_SOFCallback
 .text.HAL_PCD_ResetCallback
                0x0000000008007aa2       0x3c ./USB_DEVICE/Target/usbd_conf.o
                0x0000000008007aa2                HAL_PCD_ResetCallback
 *fill*         0x0000000008007ade        0x2 
 .text.HAL_PCD_SuspendCallback
                0x0000000008007ae0       0x34 ./USB_DEVICE/Target/usbd_conf.o
                0x0000000008007ae0                HAL_PCD_SuspendCallback
 .text.HAL_PCD_ResumeCallback
                0x0000000008007b14       0x1c ./USB_DEVICE/Target/usbd_conf.o
                0x0000000008007b14                HAL_PCD_ResumeCallback
 .text.USBD_LL_Init
                0x0000000008007b30       0xb4 ./USB_DEVICE/Target/usbd_conf.o
                0x0000000008007b30                USBD_LL_Init
 .text.USBD_LL_Start
                0x0000000008007be4       0x36 ./USB_DEVICE/Target/usbd_conf.o
                0x0000000008007be4                USBD_LL_Start
 .text.USBD_LL_OpenEP
                0x0000000008007c1a       0x4c ./USB_DEVICE/Target/usbd_conf.o
                0x0000000008007c1a                USBD_LL_OpenEP
 .text.USBD_LL_CloseEP
                0x0000000008007c66       0x3e ./USB_DEVICE/Target/usbd_conf.o
                0x0000000008007c66                USBD_LL_CloseEP
 .text.USBD_LL_StallEP
                0x0000000008007ca4       0x3e ./USB_DEVICE/Target/usbd_conf.o
                0x0000000008007ca4                USBD_LL_StallEP
 .text.USBD_LL_ClearStallEP
                0x0000000008007ce2       0x3e ./USB_DEVICE/Target/usbd_conf.o
                0x0000000008007ce2                USBD_LL_ClearStallEP
 .text.USBD_LL_IsStallEP
                0x0000000008007d20       0x58 ./USB_DEVICE/Target/usbd_conf.o
                0x0000000008007d20                USBD_LL_IsStallEP
 .text.USBD_LL_SetUSBAddress
                0x0000000008007d78       0x3e ./USB_DEVICE/Target/usbd_conf.o
                0x0000000008007d78                USBD_LL_SetUSBAddress
 .text.USBD_LL_Transmit
                0x0000000008007db6       0x46 ./USB_DEVICE/Target/usbd_conf.o
                0x0000000008007db6                USBD_LL_Transmit
 .text.USBD_LL_PrepareReceive
                0x0000000008007dfc       0x46 ./USB_DEVICE/Target/usbd_conf.o
                0x0000000008007dfc                USBD_LL_PrepareReceive
 .text.USBD_LL_GetRxDataSize
                0x0000000008007e42       0x26 ./USB_DEVICE/Target/usbd_conf.o
                0x0000000008007e42                USBD_LL_GetRxDataSize
 .text.USBD_static_malloc
                0x0000000008007e68       0x18 ./USB_DEVICE/Target/usbd_conf.o
                0x0000000008007e68                USBD_static_malloc
 .text.USBD_static_free
                0x0000000008007e80       0x12 ./USB_DEVICE/Target/usbd_conf.o
                0x0000000008007e80                USBD_static_free
 .text.HAL_PCDEx_SetConnectionState
                0x0000000008007e92       0x16 ./USB_DEVICE/Target/usbd_conf.o
                0x0000000008007e92                HAL_PCDEx_SetConnectionState
 .text.USBD_Get_USB_Status
                0x0000000008007ea8       0x58 ./USB_DEVICE/Target/usbd_conf.o
 .text.__libc_init_array
                0x0000000008007f00       0x48 /Applications/STM32CubeIDE.app/Contents/Eclipse/plugins/com.st.stm32cube.ide.mcu.externaltools.gnu-tools-for-stm32.10.3-2021.10.macos64_1.0.0.202111181127/tools/bin/../lib/gcc/arm-none-eabi/10.3.1/../../../../arm-none-eabi/lib/thumb/v7-m/nofp/libc_nano.a(lib_a-init.o)
                0x0000000008007f00                __libc_init_array
 .text.memcpy   0x0000000008007f48       0x1c /Applications/STM32CubeIDE.app/Contents/Eclipse/plugins/com.st.stm32cube.ide.mcu.externaltools.gnu-tools-for-stm32.10.3-2021.10.macos64_1.0.0.202111181127/tools/bin/../lib/gcc/arm-none-eabi/10.3.1/../../../../arm-none-eabi/lib/thumb/v7-m/nofp/libc_nano.a(lib_a-memcpy-stub.o)
                0x0000000008007f48                memcpy
 .text.memset   0x0000000008007f64       0x10 /Applications/STM32CubeIDE.app/Contents/Eclipse/plugins/com.st.stm32cube.ide.mcu.externaltools.gnu-tools-for-stm32.10.3-2021.10.macos64_1.0.0.202111181127/tools/bin/../lib/gcc/arm-none-eabi/10.3.1/../../../../arm-none-eabi/lib/thumb/v7-m/nofp/libc_nano.a(lib_a-memset.o)
                0x0000000008007f64                memset
 *(.glue_7)
 .glue_7        0x0000000008007f74        0x0 linker stubs
 *(.glue_7t)
 .glue_7t       0x0000000008007f74        0x0 linker stubs
 *(.eh_frame)
 .eh_frame      0x0000000008007f74        0x0 /Applications/STM32CubeIDE.app/Contents/Eclipse/plugins/com.st.stm32cube.ide.mcu.externaltools.gnu-tools-for-stm32.10.3-2021.10.macos64_1.0.0.202111181127/tools/bin/../lib/gcc/arm-none-eabi/10.3.1/thumb/v7-m/nofp/crtbegin.o
 *(.init)
 .init          0x0000000008007f74        0x4 /Applications/STM32CubeIDE.app/Contents/Eclipse/plugins/com.st.stm32cube.ide.mcu.externaltools.gnu-tools-for-stm32.10.3-2021.10.macos64_1.0.0.202111181127/tools/bin/../lib/gcc/arm-none-eabi/10.3.1/thumb/v7-m/nofp/crti.o
                0x0000000008007f74                _init
 .init          0x0000000008007f78        0x8 /Applications/STM32CubeIDE.app/Contents/Eclipse/plugins/com.st.stm32cube.ide.mcu.externaltools.gnu-tools-for-stm32.10.3-2021.10.macos64_1.0.0.202111181127/tools/bin/../lib/gcc/arm-none-eabi/10.3.1/thumb/v7-m/nofp/crtn.o
 *(.fini)
 .fini          0x0000000008007f80        0x4 /Applications/STM32CubeIDE.app/Contents/Eclipse/plugins/com.st.stm32cube.ide.mcu.externaltools.gnu-tools-for-stm32.10.3-2021.10.macos64_1.0.0.202111181127/tools/bin/../lib/gcc/arm-none-eabi/10.3.1/thumb/v7-m/nofp/crti.o
                0x0000000008007f80                _fini
 .fini          0x0000000008007f84        0x8 /Applications/STM32CubeIDE.app/Contents/Eclipse/plugins/com.st.stm32cube.ide.mcu.externaltools.gnu-tools-for-stm32.10.3-2021.10.macos64_1.0.0.202111181127/tools/bin/../lib/gcc/arm-none-eabi/10.3.1/thumb/v7-m/nofp/crtn.o
                0x0000000008007f8c                . = ALIGN (0x4)
                0x0000000008007f8c                _etext = .

.vfp11_veneer   0x0000000008007f8c        0x0
 .vfp11_veneer  0x0000000008007f8c        0x0 linker stubs

.v4_bx          0x0000000008007f8c        0x0
 .v4_bx         0x0000000008007f8c        0x0 linker stubs

.iplt           0x0000000008007f8c        0x0
 .iplt          0x0000000008007f8c        0x0 /Applications/STM32CubeIDE.app/Contents/Eclipse/plugins/com.st.stm32cube.ide.mcu.externaltools.gnu-tools-for-stm32.10.3-2021.10.macos64_1.0.0.202111181127/tools/bin/../lib/gcc/arm-none-eabi/10.3.1/thumb/v7-m/nofp/crtbegin.o

.rodata         0x0000000008007f8c       0x84
                0x0000000008007f8c                . = ALIGN (0x4)
 *(.rodata)
 .rodata        0x0000000008007f8c       0x10 ./Drivers/STM32F1xx_HAL_Driver/Src/stm32f1xx_hal_rcc.o
 .rodata        0x0000000008007f9c       0x5a ./USB_DEVICE/App/usbd_desc.o
 *(.rodata*)
 .rodata.start_delimiter
                0x0000000008007ff6        0x1 ./Core/Src/main.o
 .rodata.end_delimiter
                0x0000000008007ff7        0x1 ./Core/Src/main.o
 .rodata.AHBPrescTable
                0x0000000008007ff8       0x10 ./Core/Src/system_stm32f1xx.o
                0x0000000008007ff8                AHBPrescTable
 .rodata.APBPrescTable
                0x0000000008008008        0x8 ./Core/Src/system_stm32f1xx.o
                0x0000000008008008                APBPrescTable
                0x0000000008008010                . = ALIGN (0x4)

.rel.dyn        0x0000000008008010        0x0
 .rel.iplt      0x0000000008008010        0x0 /Applications/STM32CubeIDE.app/Contents/Eclipse/plugins/com.st.stm32cube.ide.mcu.externaltools.gnu-tools-for-stm32.10.3-2021.10.macos64_1.0.0.202111181127/tools/bin/../lib/gcc/arm-none-eabi/10.3.1/thumb/v7-m/nofp/crtbegin.o

.ARM.extab      0x0000000008008010        0x0
                0x0000000008008010                . = ALIGN (0x4)
 *(.ARM.extab* .gnu.linkonce.armextab.*)
                0x0000000008008010                . = ALIGN (0x4)

.ARM            0x0000000008008010        0x0
                0x0000000008008010                . = ALIGN (0x4)
                0x0000000008008010                __exidx_start = .
 *(.ARM.exidx*)
                0x0000000008008010                __exidx_end = .
                0x0000000008008010                . = ALIGN (0x4)

.preinit_array  0x0000000008008010        0x0
                0x0000000008008010                . = ALIGN (0x4)
                0x0000000008008010                PROVIDE (__preinit_array_start = .)
 *(.preinit_array*)
                0x0000000008008010                PROVIDE (__preinit_array_end = .)
                0x0000000008008010                . = ALIGN (0x4)

.init_array     0x0000000008008010        0x4
                0x0000000008008010                . = ALIGN (0x4)
                0x0000000008008010                PROVIDE (__init_array_start = .)
 *(SORT_BY_NAME(.init_array.*))
 *(.init_array*)
 .init_array    0x0000000008008010        0x4 /Applications/STM32CubeIDE.app/Contents/Eclipse/plugins/com.st.stm32cube.ide.mcu.externaltools.gnu-tools-for-stm32.10.3-2021.10.macos64_1.0.0.202111181127/tools/bin/../lib/gcc/arm-none-eabi/10.3.1/thumb/v7-m/nofp/crtbegin.o
                0x0000000008008014                PROVIDE (__init_array_end = .)
                0x0000000008008014                . = ALIGN (0x4)

.fini_array     0x0000000008008014        0x4
                0x0000000008008014                . = ALIGN (0x4)
                [!provide]                        PROVIDE (__fini_array_start = .)
 *(SORT_BY_NAME(.fini_array.*))
 *(.fini_array*)
 .fini_array    0x0000000008008014        0x4 /Applications/STM32CubeIDE.app/Contents/Eclipse/plugins/com.st.stm32cube.ide.mcu.externaltools.gnu-tools-for-stm32.10.3-2021.10.macos64_1.0.0.202111181127/tools/bin/../lib/gcc/arm-none-eabi/10.3.1/thumb/v7-m/nofp/crtbegin.o
                [!provide]                        PROVIDE (__fini_array_end = .)
                0x0000000008008018                . = ALIGN (0x4)
                0x0000000008008018                _sidata = LOADADDR (.data)

.data           0x0000000020000000      0x1cc load address 0x0000000008008018
                0x0000000020000000                . = ALIGN (0x4)
                0x0000000020000000                _sdata = .
 *(.data)
 *(.data*)
 .data.tetris_header
                0x0000000020000000       0x50 ./Core/Src/main.o
                0x0000000020000000                tetris_header
 .data.SystemCoreClock
                0x0000000020000050        0x4 ./Core/Src/system_stm32f1xx.o
                0x0000000020000050                SystemCoreClock
 .data.uwTickPrio
                0x0000000020000054        0x4 ./Drivers/STM32F1xx_HAL_Driver/Src/stm32f1xx_hal.o
                0x0000000020000054                uwTickPrio
 .data.uwTickFreq
                0x0000000020000058        0x1 ./Drivers/STM32F1xx_HAL_Driver/Src/stm32f1xx_hal.o
                0x0000000020000058                uwTickFreq
 *fill*         0x0000000020000059        0x3 
 .data.USBD_CDC_DeviceQualifierDesc
                0x000000002000005c        0xa ./Middlewares/ST/STM32_USB_Device_Library/Class/CDC/Src/usbd_cdc.o
 *fill*         0x0000000020000066        0x2 
 .data.USBD_CDC
                0x0000000020000068       0x38 ./Middlewares/ST/STM32_USB_Device_Library/Class/CDC/Src/usbd_cdc.o
                0x0000000020000068                USBD_CDC
 .data.USBD_CDC_CfgHSDesc
                0x00000000200000a0       0x43 ./Middlewares/ST/STM32_USB_Device_Library/Class/CDC/Src/usbd_cdc.o
                0x00000000200000a0                USBD_CDC_CfgHSDesc
 *fill*         0x00000000200000e3        0x1 
 .data.USBD_CDC_CfgFSDesc
                0x00000000200000e4       0x43 ./Middlewares/ST/STM32_USB_Device_Library/Class/CDC/Src/usbd_cdc.o
                0x00000000200000e4                USBD_CDC_CfgFSDesc
 *fill*         0x0000000020000127        0x1 
 .data.USBD_CDC_OtherSpeedCfgDesc
                0x0000000020000128       0x43 ./Middlewares/ST/STM32_USB_Device_Library/Class/CDC/Src/usbd_cdc.o
                0x0000000020000128                USBD_CDC_OtherSpeedCfgDesc
 *fill*         0x000000002000016b        0x1 
 .data.USBD_Interface_fops_FS
                0x000000002000016c       0x10 ./USB_DEVICE/App/usbd_cdc_if.o
                0x000000002000016c                USBD_Interface_fops_FS
 .data.FS_Desc  0x000000002000017c       0x1c ./USB_DEVICE/App/usbd_desc.o
                0x000000002000017c                FS_Desc
 .data.USBD_FS_DeviceDesc
                0x0000000020000198       0x12 ./USB_DEVICE/App/usbd_desc.o
                0x0000000020000198                USBD_FS_DeviceDesc
 *fill*         0x00000000200001aa        0x2 
 .data.USBD_LangIDDesc
                0x00000000200001ac        0x4 ./USB_DEVICE/App/usbd_desc.o
                0x00000000200001ac                USBD_LangIDDesc
 .data.USBD_StringSerial
                0x00000000200001b0       0x1a ./USB_DEVICE/App/usbd_desc.o
                0x00000000200001b0                USBD_StringSerial
 *(.RamFunc)
 *(.RamFunc*)
                0x00000000200001cc                . = ALIGN (0x4)
 *fill*         0x00000000200001ca        0x2 
                0x00000000200001cc                _edata = .

.igot.plt       0x00000000200001cc        0x0 load address 0x00000000080081e4
 .igot.plt      0x00000000200001cc        0x0 /Applications/STM32CubeIDE.app/Contents/Eclipse/plugins/com.st.stm32cube.ide.mcu.externaltools.gnu-tools-for-stm32.10.3-2021.10.macos64_1.0.0.202111181127/tools/bin/../lib/gcc/arm-none-eabi/10.3.1/thumb/v7-m/nofp/crtbegin.o
                0x00000000200001cc                . = ALIGN (0x4)

.bss            0x00000000200001cc     0x1670 load address 0x00000000080081e4
                0x00000000200001cc                _sbss = .
                0x00000000200001cc                __bss_start__ = _sbss
 *(.bss)
 .bss           0x00000000200001cc       0x1c /Applications/STM32CubeIDE.app/Contents/Eclipse/plugins/com.st.stm32cube.ide.mcu.externaltools.gnu-tools-for-stm32.10.3-2021.10.macos64_1.0.0.202111181127/tools/bin/../lib/gcc/arm-none-eabi/10.3.1/thumb/v7-m/nofp/crtbegin.o
 *(.bss*)
 .bss.hcrc      0x00000000200001e8        0x8 ./Core/Src/main.o
                0x00000000200001e8                hcrc
 .bss.hi2c1     0x00000000200001f0       0x54 ./Core/Src/main.o
                0x00000000200001f0                hi2c1
 .bss.gb_metadata
                0x0000000020000244       0x1d ./Core/Src/main.o
                0x0000000020000244                gb_metadata
 *fill*         0x0000000020000261        0x3 
 .bss.usb_rx_buffer
                0x0000000020000264      0x400 ./Core/Src/main.o
                0x0000000020000264                usb_rx_buffer
 .bss.uwTick    0x0000000020000664        0x4 ./Drivers/STM32F1xx_HAL_Driver/Src/stm32f1xx_hal.o
                0x0000000020000664                uwTick
 .bss.cfgidx.0  0x0000000020000668        0x1 ./Middlewares/ST/STM32_USB_Device_Library/Core/Src/usbd_ctlreq.o
 *fill*         0x0000000020000669        0x3 
 .bss.hUsbDeviceFS
                0x000000002000066c      0x2c4 ./USB_DEVICE/App/usb_device.o
                0x000000002000066c                hUsbDeviceFS
 .bss.UserRxBufferFS
                0x0000000020000930      0x400 ./USB_DEVICE/App/usbd_cdc_if.o
                0x0000000020000930                UserRxBufferFS
 .bss.UserTxBufferFS
                0x0000000020000d30      0x400 ./USB_DEVICE/App/usbd_cdc_if.o
                0x0000000020000d30                UserTxBufferFS
 .bss.USBD_StrDesc
                0x0000000020001130      0x200 ./USB_DEVICE/App/usbd_desc.o
                0x0000000020001130                USBD_StrDesc
 .bss.hpcd_USB_FS
                0x0000000020001330      0x2ec ./USB_DEVICE/Target/usbd_conf.o
                0x0000000020001330                hpcd_USB_FS
 .bss.mem.0     0x000000002000161c      0x220 ./USB_DEVICE/Target/usbd_conf.o
 *(COMMON)
                0x000000002000183c                . = ALIGN (0x4)
                0x000000002000183c                _ebss = .
                0x000000002000183c                __bss_end__ = _ebss

._user_heap_stack
                0x000000002000183c      0x604 load address 0x00000000080081e4
                0x0000000020001840                . = ALIGN (0x8)
 *fill*         0x000000002000183c        0x4 
                [!provide]                        PROVIDE (end = .)
                0x0000000020001840                PROVIDE (_end = .)
                0x0000000020001a40                . = (. + _Min_Heap_Size)
 *fill*         0x0000000020001840      0x200 
                0x0000000020001e40                . = (. + _Min_Stack_Size)
 *fill*         0x0000000020001a40      0x400 
                0x0000000020001e40                . = ALIGN (0x8)

/DISCARD/
 libc.a(*)
 libm.a(*)
 libgcc.a(*)

.ARM.attributes
                0x0000000000000000       0x29
 *(.ARM.attributes)
 .ARM.attributes
                0x0000000000000000       0x1d /Applications/STM32CubeIDE.app/Contents/Eclipse/plugins/com.st.stm32cube.ide.mcu.externaltools.gnu-tools-for-stm32.10.3-2021.10.macos64_1.0.0.202111181127/tools/bin/../lib/gcc/arm-none-eabi/10.3.1/thumb/v7-m/nofp/crti.o
 .ARM.attributes
                0x000000000000001d       0x2d /Applications/STM32CubeIDE.app/Contents/Eclipse/plugins/com.st.stm32cube.ide.mcu.externaltools.gnu-tools-for-stm32.10.3-2021.10.macos64_1.0.0.202111181127/tools/bin/../lib/gcc/arm-none-eabi/10.3.1/thumb/v7-m/nofp/crtbegin.o
 .ARM.attributes
                0x000000000000004a       0x2d ./Core/Src/main.o
 .ARM.attributes
                0x0000000000000077       0x2d ./Core/Src/stm32f1xx_hal_msp.o
 .ARM.attributes
                0x00000000000000a4       0x2d ./Core/Src/stm32f1xx_it.o
 .ARM.attributes
                0x00000000000000d1       0x2d ./Core/Src/system_stm32f1xx.o
 .ARM.attributes
                0x00000000000000fe       0x21 ./Core/Startup/startup_stm32f103c8tx.o
 .ARM.attributes
                0x000000000000011f       0x2d ./Drivers/STM32F1xx_HAL_Driver/Src/stm32f1xx_hal.o
 .ARM.attributes
                0x000000000000014c       0x2d ./Drivers/STM32F1xx_HAL_Driver/Src/stm32f1xx_hal_cortex.o
 .ARM.attributes
                0x0000000000000179       0x2d ./Drivers/STM32F1xx_HAL_Driver/Src/stm32f1xx_hal_crc.o
 .ARM.attributes
                0x00000000000001a6       0x2d ./Drivers/STM32F1xx_HAL_Driver/Src/stm32f1xx_hal_gpio.o
 .ARM.attributes
                0x00000000000001d3       0x2d ./Drivers/STM32F1xx_HAL_Driver/Src/stm32f1xx_hal_i2c.o
 .ARM.attributes
                0x0000000000000200       0x2d ./Drivers/STM32F1xx_HAL_Driver/Src/stm32f1xx_hal_pcd.o
 .ARM.attributes
                0x000000000000022d       0x2d ./Drivers/STM32F1xx_HAL_Driver/Src/stm32f1xx_hal_pcd_ex.o
 .ARM.attributes
                0x000000000000025a       0x2d ./Drivers/STM32F1xx_HAL_Driver/Src/stm32f1xx_hal_rcc.o
 .ARM.attributes
                0x0000000000000287       0x2d ./Drivers/STM32F1xx_HAL_Driver/Src/stm32f1xx_hal_rcc_ex.o
 .ARM.attributes
                0x00000000000002b4       0x2d ./Drivers/STM32F1xx_HAL_Driver/Src/stm32f1xx_ll_usb.o
 .ARM.attributes
                0x00000000000002e1       0x2d ./Middlewares/ST/STM32_USB_Device_Library/Class/CDC/Src/usbd_cdc.o
 .ARM.attributes
                0x000000000000030e       0x2d ./Middlewares/ST/STM32_USB_Device_Library/Core/Src/usbd_core.o
 .ARM.attributes
                0x000000000000033b       0x2d ./Middlewares/ST/STM32_USB_Device_Library/Core/Src/usbd_ctlreq.o
 .ARM.attributes
                0x0000000000000368       0x2d ./Middlewares/ST/STM32_USB_Device_Library/Core/Src/usbd_ioreq.o
 .ARM.attributes
                0x0000000000000395       0x2d ./USB_DEVICE/App/usb_device.o
 .ARM.attributes
                0x00000000000003c2       0x2d ./USB_DEVICE/App/usbd_cdc_if.o
 .ARM.attributes
                0x00000000000003ef       0x2d ./USB_DEVICE/App/usbd_desc.o
 .ARM.attributes
                0x000000000000041c       0x2d ./USB_DEVICE/Target/usbd_conf.o
 .ARM.attributes
                0x0000000000000449       0x2d /Applications/STM32CubeIDE.app/Contents/Eclipse/plugins/com.st.stm32cube.ide.mcu.externaltools.gnu-tools-for-stm32.10.3-2021.10.macos64_1.0.0.202111181127/tools/bin/../lib/gcc/arm-none-eabi/10.3.1/../../../../arm-none-eabi/lib/thumb/v7-m/nofp/libc_nano.a(lib_a-init.o)
 .ARM.attributes
                0x0000000000000476       0x2d /Applications/STM32CubeIDE.app/Contents/Eclipse/plugins/com.st.stm32cube.ide.mcu.externaltools.gnu-tools-for-stm32.10.3-2021.10.macos64_1.0.0.202111181127/tools/bin/../lib/gcc/arm-none-eabi/10.3.1/../../../../arm-none-eabi/lib/thumb/v7-m/nofp/libc_nano.a(lib_a-memcpy-stub.o)
 .ARM.attributes
                0x00000000000004a3       0x2d /Applications/STM32CubeIDE.app/Contents/Eclipse/plugins/com.st.stm32cube.ide.mcu.externaltools.gnu-tools-for-stm32.10.3-2021.10.macos64_1.0.0.202111181127/tools/bin/../lib/gcc/arm-none-eabi/10.3.1/../../../../arm-none-eabi/lib/thumb/v7-m/nofp/libc_nano.a(lib_a-memset.o)
 .ARM.attributes
                0x00000000000004d0       0x1d /Applications/STM32CubeIDE.app/Contents/Eclipse/plugins/com.st.stm32cube.ide.mcu.externaltools.gnu-tools-for-stm32.10.3-2021.10.macos64_1.0.0.202111181127/tools/bin/../lib/gcc/arm-none-eabi/10.3.1/thumb/v7-m/nofp/crtn.o
OUTPUT(gb_rom_dumper.elf elf32-littlearm)
LOAD linker stubs
LOAD /Applications/STM32CubeIDE.app/Contents/Eclipse/plugins/com.st.stm32cube.ide.mcu.externaltools.gnu-tools-for-stm32.10.3-2021.10.macos64_1.0.0.202111181127/tools/bin/../lib/gcc/arm-none-eabi/10.3.1/../../../../arm-none-eabi/lib/thumb/v7-m/nofp/libc.a
LOAD /Applications/STM32CubeIDE.app/Contents/Eclipse/plugins/com.st.stm32cube.ide.mcu.externaltools.gnu-tools-for-stm32.10.3-2021.10.macos64_1.0.0.202111181127/tools/bin/../lib/gcc/arm-none-eabi/10.3.1/../../../../arm-none-eabi/lib/thumb/v7-m/nofp/libm.a
LOAD /Applications/STM32CubeIDE.app/Contents/Eclipse/plugins/com.st.stm32cube.ide.mcu.externaltools.gnu-tools-for-stm32.10.3-2021.10.macos64_1.0.0.202111181127/tools/bin/../lib/gcc/arm-none-eabi/10.3.1/thumb/v7-m/nofp/libgcc.a

.debug_info     0x0000000000000000    0x106fe
 .debug_info    0x0000000000000000     0x12d8 ./Core/Src/main.o
 .debug_info    0x00000000000012d8      0xa33 ./Core/Src/stm32f1xx_hal_msp.o
 .debug_info    0x0000000000001d0b      0x691 ./Core/Src/stm32f1xx_it.o
 .debug_info    0x000000000000239c      0x23d ./Core/Src/system_stm32f1xx.o
 .debug_info    0x00000000000025d9       0x22 ./Core/Startup/startup_stm32f103c8tx.o
 .debug_info    0x00000000000025fb      0x734 ./Drivers/STM32F1xx_HAL_Driver/Src/stm32f1xx_hal.o
 .debug_info    0x0000000000002d2f      0xb20 ./Drivers/STM32F1xx_HAL_Driver/Src/stm32f1xx_hal_cortex.o
 .debug_info    0x000000000000384f      0x3a6 ./Drivers/STM32F1xx_HAL_Driver/Src/stm32f1xx_hal_crc.o
 .debug_info    0x0000000000003bf5      0x615 ./Drivers/STM32F1xx_HAL_Driver/Src/stm32f1xx_hal_gpio.o
 .debug_info    0x000000000000420a     0x2734 ./Drivers/STM32F1xx_HAL_Driver/Src/stm32f1xx_hal_i2c.o
 .debug_info    0x000000000000693e     0x16ab ./Drivers/STM32F1xx_HAL_Driver/Src/stm32f1xx_hal_pcd.o
 .debug_info    0x0000000000007fe9      0x728 ./Drivers/STM32F1xx_HAL_Driver/Src/stm32f1xx_hal_pcd_ex.o
 .debug_info    0x0000000000008711      0x860 ./Drivers/STM32F1xx_HAL_Driver/Src/stm32f1xx_hal_rcc.o
 .debug_info    0x0000000000008f71      0x3e0 ./Drivers/STM32F1xx_HAL_Driver/Src/stm32f1xx_hal_rcc_ex.o
 .debug_info    0x0000000000009351     0x190d ./Drivers/STM32F1xx_HAL_Driver/Src/stm32f1xx_ll_usb.o
 .debug_info    0x000000000000ac5e     0x111a ./Middlewares/ST/STM32_USB_Device_Library/Class/CDC/Src/usbd_cdc.o
 .debug_info    0x000000000000bd78      0xb2b ./Middlewares/ST/STM32_USB_Device_Library/Core/Src/usbd_core.o
 .debug_info    0x000000000000c8a3      0x9df ./Middlewares/ST/STM32_USB_Device_Library/Core/Src/usbd_ctlreq.o
 .debug_info    0x000000000000d282      0x73e ./Middlewares/ST/STM32_USB_Device_Library/Core/Src/usbd_ioreq.o
 .debug_info    0x000000000000d9c0      0x6a3 ./USB_DEVICE/App/usb_device.o
 .debug_info    0x000000000000e063      0x890 ./USB_DEVICE/App/usbd_cdc_if.o
 .debug_info    0x000000000000e8f3      0x4ad ./USB_DEVICE/App/usbd_desc.o
 .debug_info    0x000000000000eda0     0x195e ./USB_DEVICE/Target/usbd_conf.o

.debug_abbrev   0x0000000000000000     0x2fab
 .debug_abbrev  0x0000000000000000      0x3e0 ./Core/Src/main.o
 .debug_abbrev  0x00000000000003e0      0x1b7 ./Core/Src/stm32f1xx_hal_msp.o
 .debug_abbrev  0x0000000000000597      0x1a0 ./Core/Src/stm32f1xx_it.o
 .debug_abbrev  0x0000000000000737      0x13b ./Core/Src/system_stm32f1xx.o
 .debug_abbrev  0x0000000000000872       0x12 ./Core/Startup/startup_stm32f103c8tx.o
 .debug_abbrev  0x0000000000000884      0x1fb ./Drivers/STM32F1xx_HAL_Driver/Src/stm32f1xx_hal.o
 .debug_abbrev  0x0000000000000a7f      0x2ed ./Drivers/STM32F1xx_HAL_Driver/Src/stm32f1xx_hal_cortex.o
 .debug_abbrev  0x0000000000000d6c      0x19e ./Drivers/STM32F1xx_HAL_Driver/Src/stm32f1xx_hal_crc.o
 .debug_abbrev  0x0000000000000f0a      0x1bb ./Drivers/STM32F1xx_HAL_Driver/Src/stm32f1xx_hal_gpio.o
 .debug_abbrev  0x00000000000010c5      0x288 ./Drivers/STM32F1xx_HAL_Driver/Src/stm32f1xx_hal_i2c.o
 .debug_abbrev  0x000000000000134d      0x2b9 ./Drivers/STM32F1xx_HAL_Driver/Src/stm32f1xx_hal_pcd.o
 .debug_abbrev  0x0000000000001606      0x17f ./Drivers/STM32F1xx_HAL_Driver/Src/stm32f1xx_hal_pcd_ex.o
 .debug_abbrev  0x0000000000001785      0x2a8 ./Drivers/STM32F1xx_HAL_Driver/Src/stm32f1xx_hal_rcc.o
 .debug_abbrev  0x0000000000001a2d      0x182 ./Drivers/STM32F1xx_HAL_Driver/Src/stm32f1xx_hal_rcc_ex.o
 .debug_abbrev  0x0000000000001baf      0x1cd ./Drivers/STM32F1xx_HAL_Driver/Src/stm32f1xx_ll_usb.o
 .debug_abbrev  0x0000000000001d7c      0x2d8 ./Middlewares/ST/STM32_USB_Device_Library/Class/CDC/Src/usbd_cdc.o
 .debug_abbrev  0x0000000000002054      0x23d ./Middlewares/ST/STM32_USB_Device_Library/Core/Src/usbd_core.o
 .debug_abbrev  0x0000000000002291      0x25e ./Middlewares/ST/STM32_USB_Device_Library/Core/Src/usbd_ctlreq.o
 .debug_abbrev  0x00000000000024ef      0x19b ./Middlewares/ST/STM32_USB_Device_Library/Core/Src/usbd_ioreq.o
 .debug_abbrev  0x000000000000268a      0x19b ./USB_DEVICE/App/usb_device.o
 .debug_abbrev  0x0000000000002825      0x26f ./USB_DEVICE/App/usbd_cdc_if.o
 .debug_abbrev  0x0000000000002a94      0x212 ./USB_DEVICE/App/usbd_desc.o
 .debug_abbrev  0x0000000000002ca6      0x305 ./USB_DEVICE/Target/usbd_conf.o

.debug_aranges  0x0000000000000000      0xdd8
 .debug_aranges
                0x0000000000000000       0xa0 ./Core/Src/main.o
 .debug_aranges
                0x00000000000000a0       0x40 ./Core/Src/stm32f1xx_hal_msp.o
 .debug_aranges
                0x00000000000000e0       0x68 ./Core/Src/stm32f1xx_it.o
 .debug_aranges
                0x0000000000000148       0x28 ./Core/Src/system_stm32f1xx.o
 .debug_aranges
                0x0000000000000170       0x28 ./Core/Startup/startup_stm32f103c8tx.o
 .debug_aranges
                0x0000000000000198       0xe0 ./Drivers/STM32F1xx_HAL_Driver/Src/stm32f1xx_hal.o
 .debug_aranges
                0x0000000000000278      0x100 ./Drivers/STM32F1xx_HAL_Driver/Src/stm32f1xx_hal_cortex.o
 .debug_aranges
                0x0000000000000378       0x50 ./Drivers/STM32F1xx_HAL_Driver/Src/stm32f1xx_hal_crc.o
 .debug_aranges
                0x00000000000003c8       0x58 ./Drivers/STM32F1xx_HAL_Driver/Src/stm32f1xx_hal_gpio.o
 .debug_aranges
                0x0000000000000420      0x2a0 ./Drivers/STM32F1xx_HAL_Driver/Src/stm32f1xx_hal_i2c.o
 .debug_aranges
                0x00000000000006c0      0x138 ./Drivers/STM32F1xx_HAL_Driver/Src/stm32f1xx_hal_pcd.o
 .debug_aranges
                0x00000000000007f8       0x38 ./Drivers/STM32F1xx_HAL_Driver/Src/stm32f1xx_hal_pcd_ex.o
 .debug_aranges
                0x0000000000000830       0x90 ./Drivers/STM32F1xx_HAL_Driver/Src/stm32f1xx_hal_rcc.o
 .debug_aranges
                0x00000000000008c0       0x30 ./Drivers/STM32F1xx_HAL_Driver/Src/stm32f1xx_hal_rcc_ex.o
 .debug_aranges
                0x00000000000008f0       0xf0 ./Drivers/STM32F1xx_HAL_Driver/Src/stm32f1xx_ll_usb.o
 .debug_aranges
                0x00000000000009e0       0x90 ./Middlewares/ST/STM32_USB_Device_Library/Class/CDC/Src/usbd_cdc.o
 .debug_aranges
                0x0000000000000a70       0xb8 ./Middlewares/ST/STM32_USB_Device_Library/Core/Src/usbd_core.o
 .debug_aranges
                0x0000000000000b28       0x88 ./Middlewares/ST/STM32_USB_Device_Library/Core/Src/usbd_ctlreq.o
 .debug_aranges
                0x0000000000000bb0       0x50 ./Middlewares/ST/STM32_USB_Device_Library/Core/Src/usbd_ioreq.o
 .debug_aranges
                0x0000000000000c00       0x20 ./USB_DEVICE/App/usb_device.o
 .debug_aranges
                0x0000000000000c20       0x40 ./USB_DEVICE/App/usbd_cdc_if.o
 .debug_aranges
                0x0000000000000c60       0x60 ./USB_DEVICE/App/usbd_desc.o
 .debug_aranges
                0x0000000000000cc0      0x118 ./USB_DEVICE/Target/usbd_conf.o

.debug_ranges   0x0000000000000000      0xc98
 .debug_ranges  0x0000000000000000       0x90 ./Core/Src/main.o
 .debug_ranges  0x0000000000000090       0x30 ./Core/Src/stm32f1xx_hal_msp.o
 .debug_ranges  0x00000000000000c0       0x58 ./Core/Src/stm32f1xx_it.o
 .debug_ranges  0x0000000000000118       0x18 ./Core/Src/system_stm32f1xx.o
 .debug_ranges  0x0000000000000130       0x20 ./Core/Startup/startup_stm32f103c8tx.o
 .debug_ranges  0x0000000000000150       0xd0 ./Drivers/STM32F1xx_HAL_Driver/Src/stm32f1xx_hal.o
 .debug_ranges  0x0000000000000220       0xf0 ./Drivers/STM32F1xx_HAL_Driver/Src/stm32f1xx_hal_cortex.o
 .debug_ranges  0x0000000000000310       0x40 ./Drivers/STM32F1xx_HAL_Driver/Src/stm32f1xx_hal_crc.o
 .debug_ranges  0x0000000000000350       0x48 ./Drivers/STM32F1xx_HAL_Driver/Src/stm32f1xx_hal_gpio.o
 .debug_ranges  0x0000000000000398      0x2b8 ./Drivers/STM32F1xx_HAL_Driver/Src/stm32f1xx_hal_i2c.o
 .debug_ranges  0x0000000000000650      0x128 ./Drivers/STM32F1xx_HAL_Driver/Src/stm32f1xx_hal_pcd.o
 .debug_ranges  0x0000000000000778       0x28 ./Drivers/STM32F1xx_HAL_Driver/Src/stm32f1xx_hal_pcd_ex.o
 .debug_ranges  0x00000000000007a0       0x80 ./Drivers/STM32F1xx_HAL_Driver/Src/stm32f1xx_hal_rcc.o
 .debug_ranges  0x0000000000000820       0x20 ./Drivers/STM32F1xx_HAL_Driver/Src/stm32f1xx_hal_rcc_ex.o
 .debug_ranges  0x0000000000000840       0xe0 ./Drivers/STM32F1xx_HAL_Driver/Src/stm32f1xx_ll_usb.o
 .debug_ranges  0x0000000000000920       0x80 ./Middlewares/ST/STM32_USB_Device_Library/Class/CDC/Src/usbd_cdc.o
 .debug_ranges  0x00000000000009a0       0xa8 ./Middlewares/ST/STM32_USB_Device_Library/Core/Src/usbd_core.o
 .debug_ranges  0x0000000000000a48       0x78 ./Middlewares/ST/STM32_USB_Device_Library/Core/Src/usbd_ctlreq.o
 .debug_ranges  0x0000000000000ac0       0x40 ./Middlewares/ST/STM32_USB_Device_Library/Core/Src/usbd_ioreq.o
 .debug_ranges  0x0000000000000b00       0x10 ./USB_DEVICE/App/usb_device.o
 .debug_ranges  0x0000000000000b10       0x30 ./USB_DEVICE/App/usbd_cdc_if.o
 .debug_ranges  0x0000000000000b40       0x50 ./USB_DEVICE/App/usbd_desc.o
 .debug_ranges  0x0000000000000b90      0x108 ./USB_DEVICE/Target/usbd_conf.o

.debug_macro    0x0000000000000000    0x1a03a
 .debug_macro   0x0000000000000000      0x409 ./Core/Src/main.o
 .debug_macro   0x0000000000000409      0xa6c ./Core/Src/main.o
 .debug_macro   0x0000000000000e75      0x221 ./Core/Src/main.o
 .debug_macro   0x0000000000001096       0x2e ./Core/Src/main.o
 .debug_macro   0x00000000000010c4       0x22 ./Core/Src/main.o
 .debug_macro   0x00000000000010e6       0x22 ./Core/Src/main.o
 .debug_macro   0x0000000000001108       0x8e ./Core/Src/main.o
 .debug_macro   0x0000000000001196       0x51 ./Core/Src/main.o
 .debug_macro   0x00000000000011e7      0x103 ./Core/Src/main.o
 .debug_macro   0x00000000000012ea       0x6a ./Core/Src/main.o
 .debug_macro   0x0000000000001354      0x1df ./Core/Src/main.o
 .debug_macro   0x0000000000001533       0x1c ./Core/Src/main.o
 .debug_macro   0x000000000000154f       0x22 ./Core/Src/main.o
 .debug_macro   0x0000000000001571       0xbd ./Core/Src/main.o
 .debug_macro   0x000000000000162e      0xd23 ./Core/Src/main.o
 .debug_macro   0x0000000000002351     0xe09e ./Core/Src/main.o
 .debug_macro   0x00000000000103ef       0x6d ./Core/Src/main.o
 .debug_macro   0x000000000001045c     0x3468 ./Core/Src/main.o
 .debug_macro   0x00000000000138c4      0x174 ./Core/Src/main.o
 .debug_macro   0x0000000000013a38       0x5c ./Core/Src/main.o
 .debug_macro   0x0000000000013a94      0x5be ./Core/Src/main.o
 .debug_macro   0x0000000000014052      0x289 ./Core/Src/main.o
 .debug_macro   0x00000000000142db      0x1cb ./Core/Src/main.o
 .debug_macro   0x00000000000144a6      0x114 ./Core/Src/main.o
 .debug_macro   0x00000000000145ba      0x1b2 ./Core/Src/main.o
 .debug_macro   0x000000000001476c       0x27 ./Core/Src/main.o
 .debug_macro   0x0000000000014793      0x136 ./Core/Src/main.o
 .debug_macro   0x00000000000148c9      0x1bc ./Core/Src/main.o
 .debug_macro   0x0000000000014a85       0x34 ./Core/Src/main.o
 .debug_macro   0x0000000000014ab9       0x3c ./Core/Src/main.o
 .debug_macro   0x0000000000014af5       0x57 ./Core/Src/main.o
 .debug_macro   0x0000000000014b4c       0x22 ./Core/Src/main.o
 .debug_macro   0x0000000000014b6e       0x88 ./Core/Src/main.o
 .debug_macro   0x0000000000014bf6      0x241 ./Core/Src/main.o
 .debug_macro   0x0000000000014e37      0x287 ./Core/Src/main.o
 .debug_macro   0x00000000000150be      0x141 ./Core/Src/main.o
 .debug_macro   0x00000000000151ff       0x65 ./Core/Src/main.o
 .debug_macro   0x0000000000015264      0x249 ./Core/Src/main.o
 .debug_macro   0x00000000000154ad       0x83 ./Core/Src/main.o
 .debug_macro   0x0000000000015530      0x108 ./Core/Src/main.o
 .debug_macro   0x0000000000015638       0x52 ./Core/Src/main.o
 .debug_macro   0x000000000001568a       0x18 ./Core/Src/main.o
 .debug_macro   0x00000000000156a2       0x3c ./Core/Src/main.o
 .debug_macro   0x00000000000156de       0x34 ./Core/Src/main.o
 .debug_macro   0x0000000000015712       0x16 ./Core/Src/main.o
 .debug_macro   0x0000000000015728       0x35 ./Core/Src/main.o
 .debug_macro   0x000000000001575d      0x341 ./Core/Src/main.o
 .debug_macro   0x0000000000015a9e       0x10 ./Core/Src/main.o
 .debug_macro   0x0000000000015aae       0x16 ./Core/Src/main.o
 .debug_macro   0x0000000000015ac4       0x43 ./Core/Src/main.o
 .debug_macro   0x0000000000015b07       0x34 ./Core/Src/main.o
 .debug_macro   0x0000000000015b3b       0x10 ./Core/Src/main.o
 .debug_macro   0x0000000000015b4b       0x58 ./Core/Src/main.o
 .debug_macro   0x0000000000015ba3       0x71 ./Core/Src/main.o
 .debug_macro   0x0000000000015c14       0x1c ./Core/Src/main.o
 .debug_macro   0x0000000000015c30      0x12a ./Core/Src/main.o
 .debug_macro   0x0000000000015d5a       0x10 ./Core/Src/main.o
 .debug_macro   0x0000000000015d6a       0x1c ./Core/Src/main.o
 .debug_macro   0x0000000000015d86       0x52 ./Core/Src/main.o
 .debug_macro   0x0000000000015dd8       0x22 ./Core/Src/main.o
 .debug_macro   0x0000000000015dfa       0x10 ./Core/Src/main.o
 .debug_macro   0x0000000000015e0a       0x52 ./Core/Src/main.o
 .debug_macro   0x0000000000015e5c       0xd5 ./Core/Src/main.o
 .debug_macro   0x0000000000015f31       0x1c ./Core/Src/main.o
 .debug_macro   0x0000000000015f4d       0x3d ./Core/Src/main.o
 .debug_macro   0x0000000000015f8a       0x16 ./Core/Src/main.o
 .debug_macro   0x0000000000015fa0      0x145 ./Core/Src/main.o
 .debug_macro   0x00000000000160e5       0x16 ./Core/Src/main.o
 .debug_macro   0x00000000000160fb       0x16 ./Core/Src/main.o
 .debug_macro   0x0000000000016111       0x29 ./Core/Src/main.o
 .debug_macro   0x000000000001613a       0x16 ./Core/Src/main.o
 .debug_macro   0x0000000000016150       0x20 ./Core/Src/main.o
 .debug_macro   0x0000000000016170       0x5f ./Core/Src/main.o
 .debug_macro   0x00000000000161cf      0x1c8 ./Core/Src/main.o
 .debug_macro   0x0000000000016397       0x22 ./Core/Src/main.o
 .debug_macro   0x00000000000163b9       0x8f ./Core/Src/main.o
 .debug_macro   0x0000000000016448       0x10 ./Core/Src/main.o
 .debug_macro   0x0000000000016458      0x1cb ./Core/Src/stm32f1xx_hal_msp.o
 .debug_macro   0x0000000000016623      0x1d5 ./Core/Src/stm32f1xx_it.o
 .debug_macro   0x00000000000167f8      0x1bc ./Core/Src/system_stm32f1xx.o
 .debug_macro   0x00000000000169b4      0x1e0 ./Drivers/STM32F1xx_HAL_Driver/Src/stm32f1xx_hal.o
 .debug_macro   0x0000000000016b94      0x1bc ./Drivers/STM32F1xx_HAL_Driver/Src/stm32f1xx_hal_cortex.o
 .debug_macro   0x0000000000016d50      0x1bc ./Drivers/STM32F1xx_HAL_Driver/Src/stm32f1xx_hal_crc.o
 .debug_macro   0x0000000000016f0c      0x227 ./Drivers/STM32F1xx_HAL_Driver/Src/stm32f1xx_hal_gpio.o
 .debug_macro   0x0000000000017133      0x203 ./Drivers/STM32F1xx_HAL_Driver/Src/stm32f1xx_hal_i2c.o
 .debug_macro   0x0000000000017336      0x1c8 ./Drivers/STM32F1xx_HAL_Driver/Src/stm32f1xx_hal_pcd.o
 .debug_macro   0x00000000000174fe      0x1bc ./Drivers/STM32F1xx_HAL_Driver/Src/stm32f1xx_hal_pcd_ex.o
 .debug_macro   0x00000000000176ba      0x1ce ./Drivers/STM32F1xx_HAL_Driver/Src/stm32f1xx_hal_rcc.o
 .debug_macro   0x0000000000017888      0x1bc ./Drivers/STM32F1xx_HAL_Driver/Src/stm32f1xx_hal_rcc_ex.o
 .debug_macro   0x0000000000017a44      0x1bc ./Drivers/STM32F1xx_HAL_Driver/Src/stm32f1xx_ll_usb.o
 .debug_macro   0x0000000000017c00      0x3e1 ./Middlewares/ST/STM32_USB_Device_Library/Class/CDC/Src/usbd_cdc.o
 .debug_macro   0x0000000000017fe1       0x97 ./Middlewares/ST/STM32_USB_Device_Library/Class/CDC/Src/usbd_cdc.o
 .debug_macro   0x0000000000018078       0xfd ./Middlewares/ST/STM32_USB_Device_Library/Class/CDC/Src/usbd_cdc.o
 .debug_macro   0x0000000000018175       0x56 ./Middlewares/ST/STM32_USB_Device_Library/Class/CDC/Src/usbd_cdc.o
 .debug_macro   0x00000000000181cb      0x3c8 ./Middlewares/ST/STM32_USB_Device_Library/Core/Src/usbd_core.o
 .debug_macro   0x0000000000018593      0x1ce ./Middlewares/ST/STM32_USB_Device_Library/Core/Src/usbd_core.o
 .debug_macro   0x0000000000018761      0x3d2 ./Middlewares/ST/STM32_USB_Device_Library/Core/Src/usbd_ctlreq.o
 .debug_macro   0x0000000000018b33      0x3ce ./Middlewares/ST/STM32_USB_Device_Library/Core/Src/usbd_ioreq.o
 .debug_macro   0x0000000000018f01      0x401 ./USB_DEVICE/App/usb_device.o
 .debug_macro   0x0000000000019302      0x10e ./USB_DEVICE/App/usb_device.o
 .debug_macro   0x0000000000019410       0x22 ./USB_DEVICE/App/usb_device.o
 .debug_macro   0x0000000000019432       0x16 ./USB_DEVICE/App/usb_device.o
 .debug_macro   0x0000000000019448      0x3ec ./USB_DEVICE/App/usbd_cdc_if.o
 .debug_macro   0x0000000000019834      0x405 ./USB_DEVICE/App/usbd_desc.o
 .debug_macro   0x0000000000019c39       0x1c ./USB_DEVICE/App/usbd_desc.o
 .debug_macro   0x0000000000019c55      0x3e5 ./USB_DEVICE/Target/usbd_conf.o

.debug_line     0x0000000000000000    0x12b40
 .debug_line    0x0000000000000000      0xe23 ./Core/Src/main.o
 .debug_line    0x0000000000000e23      0x74c ./Core/Src/stm32f1xx_hal_msp.o
 .debug_line    0x000000000000156f      0x7a4 ./Core/Src/stm32f1xx_it.o
 .debug_line    0x0000000000001d13      0x748 ./Core/Src/system_stm32f1xx.o
 .debug_line    0x000000000000245b       0x87 ./Core/Startup/startup_stm32f103c8tx.o
 .debug_line    0x00000000000024e2      0x975 ./Drivers/STM32F1xx_HAL_Driver/Src/stm32f1xx_hal.o
 .debug_line    0x0000000000002e57      0xb5d ./Drivers/STM32F1xx_HAL_Driver/Src/stm32f1xx_hal_cortex.o
 .debug_line    0x00000000000039b4      0x810 ./Drivers/STM32F1xx_HAL_Driver/Src/stm32f1xx_hal_crc.o
 .debug_line    0x00000000000041c4      0xa0c ./Drivers/STM32F1xx_HAL_Driver/Src/stm32f1xx_hal_gpio.o
 .debug_line    0x0000000000004bd0     0x3a5f ./Drivers/STM32F1xx_HAL_Driver/Src/stm32f1xx_hal_i2c.o
 .debug_line    0x000000000000862f     0x1363 ./Drivers/STM32F1xx_HAL_Driver/Src/stm32f1xx_hal_pcd.o
 .debug_line    0x0000000000009992      0x743 ./Drivers/STM32F1xx_HAL_Driver/Src/stm32f1xx_hal_pcd_ex.o
 .debug_line    0x000000000000a0d5      0xd83 ./Drivers/STM32F1xx_HAL_Driver/Src/stm32f1xx_hal_rcc.o
 .debug_line    0x000000000000ae58      0x8c1 ./Drivers/STM32F1xx_HAL_Driver/Src/stm32f1xx_hal_rcc_ex.o
 .debug_line    0x000000000000b719     0x10a8 ./Drivers/STM32F1xx_HAL_Driver/Src/stm32f1xx_ll_usb.o
 .debug_line    0x000000000000c7c1      0xd5f ./Middlewares/ST/STM32_USB_Device_Library/Class/CDC/Src/usbd_cdc.o
 .debug_line    0x000000000000d520      0xddf ./Middlewares/ST/STM32_USB_Device_Library/Core/Src/usbd_core.o
 .debug_line    0x000000000000e2ff     0x1001 ./Middlewares/ST/STM32_USB_Device_Library/Core/Src/usbd_ctlreq.o
 .debug_line    0x000000000000f300      0xa75 ./Middlewares/ST/STM32_USB_Device_Library/Core/Src/usbd_ioreq.o
 .debug_line    0x000000000000fd75      0xa35 ./USB_DEVICE/App/usb_device.o
 .debug_line    0x00000000000107aa      0xa7e ./USB_DEVICE/App/usbd_cdc_if.o
 .debug_line    0x0000000000011228      0xafe ./USB_DEVICE/App/usbd_desc.o
 .debug_line    0x0000000000011d26      0xe1a ./USB_DEVICE/Target/usbd_conf.o

.debug_str      0x0000000000000000    0x87d0a
 .debug_str     0x0000000000000000    0x84791 ./Core/Src/main.o
                                      0x84bd5 (size before relaxing)
 .debug_str     0x0000000000084791       0xa9 ./Core/Src/stm32f1xx_hal_msp.o
                                      0x7f7fb (size before relaxing)
 .debug_str     0x000000000008483a      0x3c3 ./Core/Src/stm32f1xx_it.o
                                      0x7f602 (size before relaxing)
 .debug_str     0x0000000000084bfd       0x7e ./Core/Src/system_stm32f1xx.o
                                      0x7ee40 (size before relaxing)
 .debug_str     0x0000000000084c7b       0x36 ./Core/Startup/startup_stm32f103c8tx.o
                                         0x7c (size before relaxing)
 .debug_str     0x0000000000084cb1      0x607 ./Drivers/STM32F1xx_HAL_Driver/Src/stm32f1xx_hal.o
                                      0x7f573 (size before relaxing)
 .debug_str     0x00000000000852b8      0x293 ./Drivers/STM32F1xx_HAL_Driver/Src/stm32f1xx_hal_cortex.o
                                      0x7f4bf (size before relaxing)
 .debug_str     0x000000000008554b       0x97 ./Drivers/STM32F1xx_HAL_Driver/Src/stm32f1xx_hal_crc.o
                                      0x7ef82 (size before relaxing)
 .debug_str     0x00000000000855e2      0x2ce ./Drivers/STM32F1xx_HAL_Driver/Src/stm32f1xx_hal_gpio.o
                                      0x7f1c6 (size before relaxing)
 .debug_str     0x00000000000858b0      0xb6a ./Drivers/STM32F1xx_HAL_Driver/Src/stm32f1xx_hal_i2c.o
                                      0x7feb4 (size before relaxing)
 .debug_str     0x000000000008641a      0x573 ./Drivers/STM32F1xx_HAL_Driver/Src/stm32f1xx_hal_pcd.o
                                      0x7f718 (size before relaxing)
 .debug_str     0x000000000008698d      0x170 ./Drivers/STM32F1xx_HAL_Driver/Src/stm32f1xx_hal_pcd_ex.o
                                      0x7f2b4 (size before relaxing)
 .debug_str     0x0000000000086afd      0x209 ./Drivers/STM32F1xx_HAL_Driver/Src/stm32f1xx_hal_rcc.o
                                      0x7f26f (size before relaxing)
 .debug_str     0x0000000000086d06       0x9f ./Drivers/STM32F1xx_HAL_Driver/Src/stm32f1xx_hal_rcc_ex.o
                                      0x7efbf (size before relaxing)
 .debug_str     0x0000000000086da5      0x129 ./Drivers/STM32F1xx_HAL_Driver/Src/stm32f1xx_ll_usb.o
                                      0x7f2e7 (size before relaxing)
 .debug_str     0x0000000000086ece      0x629 ./Middlewares/ST/STM32_USB_Device_Library/Class/CDC/Src/usbd_cdc.o
                                      0x84775 (size before relaxing)
 .debug_str     0x00000000000874f7      0x281 ./Middlewares/ST/STM32_USB_Device_Library/Core/Src/usbd_core.o
                                      0x840b0 (size before relaxing)
 .debug_str     0x0000000000087778      0x120 ./Middlewares/ST/STM32_USB_Device_Library/Core/Src/usbd_ctlreq.o
                                      0x83fca (size before relaxing)
 .debug_str     0x0000000000087898       0x51 ./Middlewares/ST/STM32_USB_Device_Library/Core/Src/usbd_ioreq.o
                                      0x83ef7 (size before relaxing)
 .debug_str     0x00000000000878e9       0xc6 ./USB_DEVICE/App/usb_device.o
                                      0x84282 (size before relaxing)
 .debug_str     0x00000000000879af       0x7d ./USB_DEVICE/App/usbd_cdc_if.o
                                      0x842c4 (size before relaxing)
 .debug_str     0x0000000000087a2c      0x26b ./USB_DEVICE/App/usbd_desc.o
                                      0x83e46 (size before relaxing)
 .debug_str     0x0000000000087c97       0x73 ./USB_DEVICE/Target/usbd_conf.o
                                      0x84d02 (size before relaxing)

.comment        0x0000000000000000       0x50
 .comment       0x0000000000000000       0x50 ./Core/Src/main.o
                                         0x51 (size before relaxing)
 .comment       0x0000000000000050       0x51 ./Core/Src/stm32f1xx_hal_msp.o
 .comment       0x0000000000000050       0x51 ./Core/Src/stm32f1xx_it.o
 .comment       0x0000000000000050       0x51 ./Core/Src/system_stm32f1xx.o
 .comment       0x0000000000000050       0x51 ./Drivers/STM32F1xx_HAL_Driver/Src/stm32f1xx_hal.o
 .comment       0x0000000000000050       0x51 ./Drivers/STM32F1xx_HAL_Driver/Src/stm32f1xx_hal_cortex.o
 .comment       0x0000000000000050       0x51 ./Drivers/STM32F1xx_HAL_Driver/Src/stm32f1xx_hal_crc.o
 .comment       0x0000000000000050       0x51 ./Drivers/STM32F1xx_HAL_Driver/Src/stm32f1xx_hal_gpio.o
 .comment       0x0000000000000050       0x51 ./Drivers/STM32F1xx_HAL_Driver/Src/stm32f1xx_hal_i2c.o
 .comment       0x0000000000000050       0x51 ./Drivers/STM32F1xx_HAL_Driver/Src/stm32f1xx_hal_pcd.o
 .comment       0x0000000000000050       0x51 ./Drivers/STM32F1xx_HAL_Driver/Src/stm32f1xx_hal_pcd_ex.o
 .comment       0x0000000000000050       0x51 ./Drivers/STM32F1xx_HAL_Driver/Src/stm32f1xx_hal_rcc.o
 .comment       0x0000000000000050       0x51 ./Drivers/STM32F1xx_HAL_Driver/Src/stm32f1xx_hal_rcc_ex.o
 .comment       0x0000000000000050       0x51 ./Drivers/STM32F1xx_HAL_Driver/Src/stm32f1xx_ll_usb.o
 .comment       0x0000000000000050       0x51 ./Middlewares/ST/STM32_USB_Device_Library/Class/CDC/Src/usbd_cdc.o
 .comment       0x0000000000000050       0x51 ./Middlewares/ST/STM32_USB_Device_Library/Core/Src/usbd_core.o
 .comment       0x0000000000000050       0x51 ./Middlewares/ST/STM32_USB_Device_Library/Core/Src/usbd_ctlreq.o
 .comment       0x0000000000000050       0x51 ./Middlewares/ST/STM32_USB_Device_Library/Core/Src/usbd_ioreq.o
 .comment       0x0000000000000050       0x51 ./USB_DEVICE/App/usb_device.o
 .comment       0x0000000000000050       0x51 ./USB_DEVICE/App/usbd_cdc_if.o
 .comment       0x0000000000000050       0x51 ./USB_DEVICE/App/usbd_desc.o
 .comment       0x0000000000000050       0x51 ./USB_DEVICE/Target/usbd_conf.o

.debug_frame    0x0000000000000000     0x378c
 .debug_frame   0x0000000000000000      0x23c ./Core/Src/main.o
 .debug_frame   0x000000000000023c       0xd0 ./Core/Src/stm32f1xx_hal_msp.o
 .debug_frame   0x000000000000030c      0x120 ./Core/Src/stm32f1xx_it.o
 .debug_frame   0x000000000000042c       0x58 ./Core/Src/system_stm32f1xx.o
 .debug_frame   0x0000000000000484      0x334 ./Drivers/STM32F1xx_HAL_Driver/Src/stm32f1xx_hal.o
 .debug_frame   0x00000000000007b8      0x428 ./Drivers/STM32F1xx_HAL_Driver/Src/stm32f1xx_hal_cortex.o
 .debug_frame   0x0000000000000be0      0x120 ./Drivers/STM32F1xx_HAL_Driver/Src/stm32f1xx_hal_crc.o
 .debug_frame   0x0000000000000d00      0x14c ./Drivers/STM32F1xx_HAL_Driver/Src/stm32f1xx_hal_gpio.o
 .debug_frame   0x0000000000000e4c      0xc5c ./Drivers/STM32F1xx_HAL_Driver/Src/stm32f1xx_hal_i2c.o
 .debug_frame   0x0000000000001aa8      0x578 ./Drivers/STM32F1xx_HAL_Driver/Src/stm32f1xx_hal_pcd.o
 .debug_frame   0x0000000000002020       0xb0 ./Drivers/STM32F1xx_HAL_Driver/Src/stm32f1xx_hal_pcd_ex.o
 .debug_frame   0x00000000000020d0      0x21c ./Drivers/STM32F1xx_HAL_Driver/Src/stm32f1xx_hal_rcc.o
 .debug_frame   0x00000000000022ec       0x84 ./Drivers/STM32F1xx_HAL_Driver/Src/stm32f1xx_hal_rcc_ex.o
 .debug_frame   0x0000000000002370      0x450 ./Drivers/STM32F1xx_HAL_Driver/Src/stm32f1xx_ll_usb.o
 .debug_frame   0x00000000000027c0      0x248 ./Middlewares/ST/STM32_USB_Device_Library/Class/CDC/Src/usbd_cdc.o
 .debug_frame   0x0000000000002a08      0x300 ./Middlewares/ST/STM32_USB_Device_Library/Core/Src/usbd_core.o
 .debug_frame   0x0000000000002d08      0x218 ./Middlewares/ST/STM32_USB_Device_Library/Core/Src/usbd_ctlreq.o
 .debug_frame   0x0000000000002f20      0x10c ./Middlewares/ST/STM32_USB_Device_Library/Core/Src/usbd_ioreq.o
 .debug_frame   0x000000000000302c       0x2c ./USB_DEVICE/App/usb_device.o
 .debug_frame   0x0000000000003058       0xbc ./USB_DEVICE/App/usbd_cdc_if.o
 .debug_frame   0x0000000000003114      0x160 ./USB_DEVICE/App/usbd_desc.o
 .debug_frame   0x0000000000003274      0x4a4 ./USB_DEVICE/Target/usbd_conf.o
 .debug_frame   0x0000000000003718       0x2c /Applications/STM32CubeIDE.app/Contents/Eclipse/plugins/com.st.stm32cube.ide.mcu.externaltools.gnu-tools-for-stm32.10.3-2021.10.macos64_1.0.0.202111181127/tools/bin/../lib/gcc/arm-none-eabi/10.3.1/../../../../arm-none-eabi/lib/thumb/v7-m/nofp/libc_nano.a(lib_a-init.o)
 .debug_frame   0x0000000000003744       0x28 /Applications/STM32CubeIDE.app/Contents/Eclipse/plugins/com.st.stm32cube.ide.mcu.externaltools.gnu-tools-for-stm32.10.3-2021.10.macos64_1.0.0.202111181127/tools/bin/../lib/gcc/arm-none-eabi/10.3.1/../../../../arm-none-eabi/lib/thumb/v7-m/nofp/libc_nano.a(lib_a-memcpy-stub.o)
 .debug_frame   0x000000000000376c       0x20 /Applications/STM32CubeIDE.app/Contents/Eclipse/plugins/com.st.stm32cube.ide.mcu.externaltools.gnu-tools-for-stm32.10.3-2021.10.macos64_1.0.0.202111181127/tools/bin/../lib/gcc/arm-none-eabi/10.3.1/../../../../arm-none-eabi/lib/thumb/v7-m/nofp/libc_nano.a(lib_a-memset.o)
