../Core/Src/main.c:98:6:unpack_metadata	12	static
../Core/Src/main.c:119:6:data_bus_init	0	static
../Core/Src/main.c:160:6:gb_set_read	8	static
../Core/Src/main.c:134:6:gb_set_address	16	static
../Core/Src/main.c:168:6:gb_set_write	0	static
../Core/Src/main.c:176:9:gb_fetch_data	8	static
../Core/Src/main.c:196:6:client_send_metadata	24	static
../Core/Src/main.c:208:6:client_listen	0	static
../Core/Src/main.c:236:6:send_test_metadata	8	static
../Core/Src/main.c:243:6:send_test_rom	24	static
../Core/Src/main.c:275:6:dump_rom	0	static
../Core/Src/main.c:368:6:SystemClock_Config	96	static,ignoring_inline_asm
../Core/Src/main.c:308:5:main	40	static,ignoring_inline_asm
../Core/Src/main.c:536:6:Error_Handler	0	static,ignoring_inline_asm
