../Core/Src/main.c:98:6:unpack_metadata	16	static
../Core/Src/main.c:119:6:data_bus_init	4	static
../Core/Src/main.c:134:6:gb_set_address	24	static
../Core/Src/main.c:160:6:gb_set_read	8	static
../Core/Src/main.c:168:6:gb_set_write	8	static
../Core/Src/main.c:176:9:gb_fetch_data	16	static
../Core/Src/main.c:196:6:client_send_metadata	24	static
../Core/Src/main.c:208:6:client_listen	4	static
../Core/Src/main.c:236:6:send_test_metadata	16	static
../Core/Src/main.c:243:6:send_test_rom	24	static
../Core/Src/main.c:275:6:dump_rom	16	static
../Core/Src/main.c:308:5:main	8	static
../Core/Src/main.c:368:6:SystemClock_Config	88	static
../Core/Src/main.c:414:13:MX_CRC_Init	8	static
../Core/Src/main.c:440:13:MX_I2C1_Init	8	static
../Core/Src/main.c:474:13:MX_GPIO_Init	40	static
../Core/Src/main.c:536:6:Error_Handler	4	static,ignoring_inline_asm
