Archive member included to satisfy reference by file (symbol)

/Applications/STM32CubeIDE.app/Contents/Eclipse/plugins/com.st.stm32cube.ide.mcu.externaltools.gnu-tools-for-stm32.10.3-2021.10.macos64_1.0.0.202111181127/tools/bin/../lib/gcc/arm-none-eabi/10.3.1/../../../../arm-none-eabi/lib/thumb/v7-m/nofp/libc_nano.a(lib_a-errno.o)
                              ./Core/Src/syscalls.o (__errno)
/Applications/STM32CubeIDE.app/Contents/Eclipse/plugins/com.st.stm32cube.ide.mcu.externaltools.gnu-tools-for-stm32.10.3-2021.10.macos64_1.0.0.202111181127/tools/bin/../lib/gcc/arm-none-eabi/10.3.1/../../../../arm-none-eabi/lib/thumb/v7-m/nofp/libc_nano.a(lib_a-exit.o)
                              /Applications/STM32CubeIDE.app/Contents/Eclipse/plugins/com.st.stm32cube.ide.mcu.externaltools.gnu-tools-for-stm32.10.3-2021.10.macos64_1.0.0.202111181127/tools/bin/../lib/gcc/arm-none-eabi/10.3.1/../../../../arm-none-eabi/lib/thumb/v7-m/nofp/crt0.o (exit)
/Applications/STM32CubeIDE.app/Contents/Eclipse/plugins/com.st.stm32cube.ide.mcu.externaltools.gnu-tools-for-stm32.10.3-2021.10.macos64_1.0.0.202111181127/tools/bin/../lib/gcc/arm-none-eabi/10.3.1/../../../../arm-none-eabi/lib/thumb/v7-m/nofp/libc_nano.a(lib_a-impure.o)
                              /Applications/STM32CubeIDE.app/Contents/Eclipse/plugins/com.st.stm32cube.ide.mcu.externaltools.gnu-tools-for-stm32.10.3-2021.10.macos64_1.0.0.202111181127/tools/bin/../lib/gcc/arm-none-eabi/10.3.1/../../../../arm-none-eabi/lib/thumb/v7-m/nofp/libc_nano.a(lib_a-exit.o) (_global_impure_ptr)
/Applications/STM32CubeIDE.app/Contents/Eclipse/plugins/com.st.stm32cube.ide.mcu.externaltools.gnu-tools-for-stm32.10.3-2021.10.macos64_1.0.0.202111181127/tools/bin/../lib/gcc/arm-none-eabi/10.3.1/../../../../arm-none-eabi/lib/thumb/v7-m/nofp/libc_nano.a(lib_a-init.o)
                              /Applications/STM32CubeIDE.app/Contents/Eclipse/plugins/com.st.stm32cube.ide.mcu.externaltools.gnu-tools-for-stm32.10.3-2021.10.macos64_1.0.0.202111181127/tools/bin/../lib/gcc/arm-none-eabi/10.3.1/../../../../arm-none-eabi/lib/thumb/v7-m/nofp/crt0.o (__libc_init_array)
/Applications/STM32CubeIDE.app/Contents/Eclipse/plugins/com.st.stm32cube.ide.mcu.externaltools.gnu-tools-for-stm32.10.3-2021.10.macos64_1.0.0.202111181127/tools/bin/../lib/gcc/arm-none-eabi/10.3.1/../../../../arm-none-eabi/lib/thumb/v7-m/nofp/libc_nano.a(lib_a-memcpy-stub.o)
                              ./USB_DEVICE/App/usbd_cdc_if.o (memcpy)
/Applications/STM32CubeIDE.app/Contents/Eclipse/plugins/com.st.stm32cube.ide.mcu.externaltools.gnu-tools-for-stm32.10.3-2021.10.macos64_1.0.0.202111181127/tools/bin/../lib/gcc/arm-none-eabi/10.3.1/../../../../arm-none-eabi/lib/thumb/v7-m/nofp/libc_nano.a(lib_a-memset.o)
                              /Applications/STM32CubeIDE.app/Contents/Eclipse/plugins/com.st.stm32cube.ide.mcu.externaltools.gnu-tools-for-stm32.10.3-2021.10.macos64_1.0.0.202111181127/tools/bin/../lib/gcc/arm-none-eabi/10.3.1/../../../../arm-none-eabi/lib/thumb/v7-m/nofp/crt0.o (memset)

Discarded input sections

 .text          0x0000000000000000        0x0 /Applications/STM32CubeIDE.app/Contents/Eclipse/plugins/com.st.stm32cube.ide.mcu.externaltools.gnu-tools-for-stm32.10.3-2021.10.macos64_1.0.0.202111181127/tools/bin/../lib/gcc/arm-none-eabi/10.3.1/thumb/v7-m/nofp/crti.o
 .data          0x0000000000000000        0x0 /Applications/STM32CubeIDE.app/Contents/Eclipse/plugins/com.st.stm32cube.ide.mcu.externaltools.gnu-tools-for-stm32.10.3-2021.10.macos64_1.0.0.202111181127/tools/bin/../lib/gcc/arm-none-eabi/10.3.1/thumb/v7-m/nofp/crti.o
 .bss           0x0000000000000000        0x0 /Applications/STM32CubeIDE.app/Contents/Eclipse/plugins/com.st.stm32cube.ide.mcu.externaltools.gnu-tools-for-stm32.10.3-2021.10.macos64_1.0.0.202111181127/tools/bin/../lib/gcc/arm-none-eabi/10.3.1/thumb/v7-m/nofp/crti.o
 .data          0x0000000000000000        0x4 /Applications/STM32CubeIDE.app/Contents/Eclipse/plugins/com.st.stm32cube.ide.mcu.externaltools.gnu-tools-for-stm32.10.3-2021.10.macos64_1.0.0.202111181127/tools/bin/../lib/gcc/arm-none-eabi/10.3.1/thumb/v7-m/nofp/crtbegin.o
 .rodata        0x0000000000000000       0x24 /Applications/STM32CubeIDE.app/Contents/Eclipse/plugins/com.st.stm32cube.ide.mcu.externaltools.gnu-tools-for-stm32.10.3-2021.10.macos64_1.0.0.202111181127/tools/bin/../lib/gcc/arm-none-eabi/10.3.1/thumb/v7-m/nofp/crtbegin.o
 .text          0x0000000000000000       0x7c /Applications/STM32CubeIDE.app/Contents/Eclipse/plugins/com.st.stm32cube.ide.mcu.externaltools.gnu-tools-for-stm32.10.3-2021.10.macos64_1.0.0.202111181127/tools/bin/../lib/gcc/arm-none-eabi/10.3.1/../../../../arm-none-eabi/lib/thumb/v7-m/nofp/crt0.o
 .data          0x0000000000000000        0x0 /Applications/STM32CubeIDE.app/Contents/Eclipse/plugins/com.st.stm32cube.ide.mcu.externaltools.gnu-tools-for-stm32.10.3-2021.10.macos64_1.0.0.202111181127/tools/bin/../lib/gcc/arm-none-eabi/10.3.1/../../../../arm-none-eabi/lib/thumb/v7-m/nofp/crt0.o
[...]
Memory Configuration

Name             Origin             Length             Attributes
RAM              0x0000000020000000 0x0000000000005000 xrw
FLASH            0x0000000008000000 0x0000000000010000 xr
*default*        0x0000000000000000 0xffffffffffffffff

Linker script and memory map

LOAD /Applications/STM32CubeIDE.app/Contents/Eclipse/plugins/com.st.stm32cube.ide.mcu.externaltools.gnu-tools-for-stm32.10.3-2021.10.macos64_1.0.0.202111181127/tools/bin/../lib/gcc/arm-none-eabi/10.3.1/thumb/v7-m/nofp/crti.o
LOAD /Applications/STM32CubeIDE.app/Contents/Eclipse/plugins/com.st.stm32cube.ide.mcu.externaltools.gnu-tools-for-stm32.10.3-2021.10.macos64_1.0.0.202111181127/tools/bin/../lib/gcc/arm-none-eabi/10.3.1/thumb/v7-m/nofp/crtbegin.o
LOAD /Applications/STM32CubeIDE.app/Contents/Eclipse/plugins/com.st.stm32cube.ide.mcu.externaltools.gnu-tools-for-stm32.10.3-2021.10.macos64_1.0.0.202111181127/tools/bin/../lib/gcc/arm-none-eabi/10.3.1/../../../../arm-none-eabi/lib/thumb/v7-m/nofp/crt0.o
LOAD ./Core/Src/main.o
LOAD ./Core/Src/stm32f1xx_hal_msp.o
LOAD ./Core/Src/stm32f1xx_it.o
LOAD ./Core/Src/syscalls.o
LOAD ./Core/Src/sysmem.o
LOAD ./Core/Src/system_stm32f1xx.o
LOAD ./Core/Startup/startup_stm32f103c8tx.o
LOAD ./Drivers/STM32F1xx_HAL_Driver/Src/stm32f1xx_hal.o
LOAD ./Drivers/STM32F1xx_HAL_Driver/Src/stm32f1xx_hal_cortex.o
LOAD ./Drivers/STM32F1xx_HAL_Driver/Src/stm32f1xx_hal_crc.o
LOAD ./Drivers/STM32F1xx_HAL_Driver/Src/stm32f1xx_hal_dma.o
LOAD ./Drivers/STM32F1xx_HAL_Driver/Src/stm32f1xx_hal_exti.o
LOAD ./Drivers/STM32F1xx_HAL_Driver/Src/stm32f1xx_hal_flash.o
LOAD ./Drivers/STM32F1xx_HAL_Driver/Src/stm32f1xx_hal_flash_ex.o
LOAD ./Drivers/STM32F1xx_HAL_Driver/Src/stm32f1xx_hal_gpio.o
LOAD ./Drivers/STM32F1xx_HAL_Driver/Src/stm32f1xx_hal_gpio_ex.o
LOAD ./Drivers/STM32F1xx_HAL_Driver/Src/stm32f1xx_hal_i2c.o
LOAD ./Drivers/STM32F1xx_HAL_Driver/Src/stm32f1xx_hal_pcd.o
LOAD ./Drivers/STM32F1xx_HAL_Driver/Src/stm32f1xx_hal_pcd_ex.o
LOAD ./Drivers/STM32F1xx_HAL_Driver/Src/stm32f1xx_hal_pwr.o
LOAD ./Drivers/STM32F1xx_HAL_Driver/Src/stm32f1xx_hal_rcc.o
LOAD ./Drivers/STM32F1xx_HAL_Driver/Src/stm32f1xx_hal_rcc_ex.o
LOAD ./Drivers/STM32F1xx_HAL_Driver/Src/stm32f1xx_hal_tim.o
LOAD ./Drivers/STM32F1xx_HAL_Driver/Src/stm32f1xx_hal_tim_ex.o
LOAD ./Drivers/STM32F1xx_HAL_Driver/Src/stm32f1xx_ll_usb.o
LOAD ./Middlewares/ST/STM32_USB_Device_Library/Class/CDC/Src/usbd_cdc.o
LOAD ./Middlewares/ST/STM32_USB_Device_Library/Core/Src/usbd_core.o
LOAD ./Middlewares/ST/STM32_USB_Device_Library/Core/Src/usbd_ctlreq.o
LOAD ./Middlewares/ST/STM32_USB_Device_Library/Core/Src/usbd_ioreq.o
LOAD ./USB_DEVICE/App/usb_device.o
LOAD ./USB_DEVICE/App/usbd_cdc_if.o
LOAD ./USB_DEVICE/App/usbd_desc.o
LOAD ./USB_DEVICE/Target/usbd_conf.o
START GROUP
LOAD /Applications/STM32CubeIDE.app/Contents/Eclipse/plugins/com.st.stm32cube.ide.mcu.externaltools.gnu-tools-for-stm32.10.3-2021.10.macos64_1.0.0.202111181127/tools/bin/../lib/gcc/arm-none-eabi/10.3.1/../../../../arm-none-eabi/lib/thumb/v7-m/nofp/libc_nano.a
LOAD /Applications/STM32CubeIDE.app/Contents/Eclipse/plugins/com.st.stm32cube.ide.mcu.externaltools.gnu-tools-for-stm32.10.3-2021.10.macos64_1.0.0.202111181127/tools/bin/../lib/gcc/arm-none-eabi/10.3.1/../../../../arm-none-eabi/lib/thumb/v7-m/nofp/libm.a
END GROUP
START GROUP
LOAD /Applications/STM32CubeIDE.app/Contents/Eclipse/plugins/com.st.stm32cube.ide.mcu.externaltools.gnu-tools-for-stm32.10.3-2021.10.macos64_1.0.0.202111181127/tools/bin/../lib/gcc/arm-none-eabi/10.3.1/thumb/v7-m/nofp/libgcc.a
LOAD /Applications/STM32CubeIDE.app/Contents/Eclipse/plugins/com.st.stm32cube.ide.mcu.externaltools.gnu-tools-for-stm32.10.3-2021.10.macos64_1.0.0.202111181127/tools/bin/../lib/gcc/arm-none-eabi/10.3.1/../../../../arm-none-eabi/lib/thumb/v7-m/nofp/libc_nano.a
END GROUP
START GROUP
LOAD /Applications/STM32CubeIDE.app/Contents/Eclipse/plugins/com.st.stm32cube.ide.mcu.externaltools.gnu-tools-for-stm32.10.3-2021.10.macos64_1.0.0.202111181127/tools/bin/../lib/gcc/arm-none-eabi/10.3.1/thumb/v7-m/nofp/libgcc.a
LOAD /Applications/STM32CubeIDE.app/Contents/Eclipse/plugins/com.st.stm32cube.ide.mcu.externaltools.gnu-tools-for-stm32.10.3-2021.10.macos64_1.0.0.202111181127/tools/bin/../lib/gcc/arm-none-eabi/10.3.1/../../../../arm-none-eabi/lib/thumb/v7-m/nofp/libc_nano.a
LOAD /Applications/STM32CubeIDE.app/Contents/Eclipse/plugins/com.st.stm32cube.ide.mcu.externaltools.gnu-tools-for-stm32.10.3-2021.10.macos64_1.0.0.202111181127/tools/bin/../lib/gcc/arm-none-eabi/10.3.1/../../../../arm-none-eabi/lib/thumb/v7-m/nofp/libnosys.a
END GROUP
START GROUP
LOAD /Applications/STM32CubeIDE.app/Contents/Eclipse/plugins/com.st.stm32cube.ide.mcu.externaltools.gnu-tools-for-stm32.10.3-2021.10.macos64_1.0.0.202111181127/tools/bin/../lib/gcc/arm-none-eabi/10.3.1/thumb/v7-m/nofp/libgcc.a
LOAD /Applications/STM32CubeIDE.app/Contents/Eclipse/plugins/com.st.stm32cube.ide.mcu.externaltools.gnu-tools-for-stm32.10.3-2021.10.macos64_1.0.0.202111181127/tools/bin/../lib/gcc/arm-none-eabi/10.3.1/../../../../arm-none-eabi/lib/thumb/v7-m/nofp/libc_nano.a
LOAD /Applications/STM32CubeIDE.app/Contents/Eclipse/plugins/com.st.stm32cube.ide.mcu.externaltools.gnu-tools-for-stm32.10.3-2021.10.macos64_1.0.0.202111181127/tools/bin/../lib/gcc/arm-none-eabi/10.3.1/../../../../arm-none-eabi/lib/thumb/v7-m/nofp/libnosys.a
END GROUP
LOAD /Applications/STM32CubeIDE.app/Contents/Eclipse/plugins/com.st.stm32cube.ide.mcu.externaltools.gnu-tools-for-stm32.10.3-2021.10.macos64_1.0.0.202111181127/tools/bin/../lib/gcc/arm-none-eabi/10.3.1/thumb/v7-m/nofp/crtend.o
LOAD /Applications/STM32CubeIDE.app/Contents/Eclipse/plugins/com.st.stm32cube.ide.mcu.externaltools.gnu-tools-for-stm32.10.3-2021.10.macos64_1.0.0.202111181127/tools/bin/../lib/gcc/arm-none-eabi/10.3.1/thumb/v7-m/nofp/crtn.o
                0x0000000020005000                _estack = (ORIGIN (RAM) + LENGTH (RAM))
                0x0000000000000200                _Min_Heap_Size = 0x200
                0x0000000000000400                _Min_Stack_Size = 0x400

.isr_vector     0x0000000008000000      0x10c
                0x0000000008000000                . = ALIGN (0x4)
 *(.isr_vector)
 .isr_vector    0x0000000008000000      0x10c ./Core/Startup/startup_stm32f103c8tx.o
                0x0000000008000000                g_pfnVectors
                0x000000000800010c                . = ALIGN (0x4)

.text           0x000000000800010c     0x3528
                0x000000000800010c                . = ALIGN (0x4)
 *(.text)
 .text          0x000000000800010c       0x40 /Applications/STM32CubeIDE.app/Contents/Eclipse/plugins/com.st.stm32cube.ide.mcu.externaltools.gnu-tools-for-stm32.10.3-2021.10.macos64_1.0.0.202111181127/tools/bin/../lib/gcc/arm-none-eabi/10.3.1/thumb/v7-m/nofp/crtbegin.o
 *(.text*)
 .text.unpack_metadata
                0x000000000800014c       0x62 ./Core/Src/main.o
                0x000000000800014c                unpack_metadata
 *fill*         0x00000000080001ae        0x2 
 .text.client_send_metadata
                0x00000000080001b0       0x50 ./Core/Src/main.o
                0x00000000080001b0                client_send_metadata
 .text.SystemClock_Config
                0x0000000008000200       0x80 ./Core/Src/main.o
                0x0000000008000200                SystemClock_Config
 .text.startup.main
                0x0000000008000280      0x160 ./Core/Src/main.o
                0x0000000008000280                main
 .text.Error_Handler
                0x00000000080003e0        0x4 ./Core/Src/main.o
                0x00000000080003e0                Error_Handler
 .text.HAL_MspInit
                0x00000000080003e4       0x44 ./Core/Src/stm32f1xx_hal_msp.o
                0x00000000080003e4                HAL_MspInit
 .text.HAL_CRC_MspInit
                0x0000000008000428       0x28 ./Core/Src/stm32f1xx_hal_msp.o
                0x0000000008000428                HAL_CRC_MspInit
 .text.HAL_I2C_MspInit
                0x0000000008000450       0x64 ./Core/Src/stm32f1xx_hal_msp.o
                0x0000000008000450                HAL_I2C_MspInit
 .text.NMI_Handler
                0x00000000080004b4        0x2 ./Core/Src/stm32f1xx_it.o
                0x00000000080004b4                NMI_Handler
 .text.HardFault_Handler
                0x00000000080004b6        0x2 ./Core/Src/stm32f1xx_it.o
                0x00000000080004b6                HardFault_Handler
 .text.MemManage_Handler
                0x00000000080004b8        0x2 ./Core/Src/stm32f1xx_it.o
                0x00000000080004b8                MemManage_Handler
 .text.BusFault_Handler
                0x00000000080004ba        0x2 ./Core/Src/stm32f1xx_it.o
                0x00000000080004ba                BusFault_Handler
 .text.UsageFault_Handler
                0x00000000080004bc        0x2 ./Core/Src/stm32f1xx_it.o
                0x00000000080004bc                UsageFault_Handler
 .text.SVC_Handler
                0x00000000080004be        0x2 ./Core/Src/stm32f1xx_it.o
                0x00000000080004be                SVC_Handler
 .text.DebugMon_Handler
                0x00000000080004c0        0x2 ./Core/Src/stm32f1xx_it.o
                0x00000000080004c0                DebugMon_Handler
 .text.PendSV_Handler
                0x00000000080004c2        0x2 ./Core/Src/stm32f1xx_it.o
                0x00000000080004c2                PendSV_Handler
 .text.SysTick_Handler
                0x00000000080004c4        0x4 ./Core/Src/stm32f1xx_it.o
                0x00000000080004c4                SysTick_Handler
 .text.USB_LP_CAN1_RX0_IRQHandler
                0x00000000080004c8        0xc ./Core/Src/stm32f1xx_it.o
                0x00000000080004c8                USB_LP_CAN1_RX0_IRQHandler
 .text.SystemInit
                0x00000000080004d4        0x2 ./Core/Src/system_stm32f1xx.o
                0x00000000080004d4                SystemInit
 *fill*         0x00000000080004d6        0x2 
 .text.Reset_Handler
                0x00000000080004d8       0x48 ./Core/Startup/startup_stm32f103c8tx.o
                0x00000000080004d8                Reset_Handler
 .text.Default_Handler
                0x0000000008000520        0x2 ./Core/Startup/startup_stm32f103c8tx.o
                0x0000000008000520                USBWakeUp_IRQHandler
                0x0000000008000520                EXTI2_IRQHandler
                0x0000000008000520                TIM1_CC_IRQHandler
                0x0000000008000520                PVD_IRQHandler
                0x0000000008000520                EXTI3_IRQHandler
                0x0000000008000520                EXTI0_IRQHandler
                0x0000000008000520                I2C2_EV_IRQHandler
                0x0000000008000520                ADC1_2_IRQHandler
                0x0000000008000520                SPI1_IRQHandler
                0x0000000008000520                TAMPER_IRQHandler
                0x0000000008000520                DMA1_Channel4_IRQHandler
                0x0000000008000520                USART3_IRQHandler
                0x0000000008000520                RTC_IRQHandler
                0x0000000008000520                DMA1_Channel7_IRQHandler
                0x0000000008000520                CAN1_RX1_IRQHandler
                0x0000000008000520                TIM4_IRQHandler
                0x0000000008000520                I2C1_EV_IRQHandler
                0x0000000008000520                DMA1_Channel6_IRQHandler
                0x0000000008000520                TIM3_IRQHandler
                0x0000000008000520                RCC_IRQHandler
                0x0000000008000520                TIM1_TRG_COM_IRQHandler
                0x0000000008000520                DMA1_Channel1_IRQHandler
                0x0000000008000520                Default_Handler
                0x0000000008000520                EXTI15_10_IRQHandler
                0x0000000008000520                EXTI9_5_IRQHandler
                0x0000000008000520                SPI2_IRQHandler
                0x0000000008000520                DMA1_Channel5_IRQHandler
                0x0000000008000520                EXTI4_IRQHandler
                0x0000000008000520                USB_HP_CAN1_TX_IRQHandler
                0x0000000008000520                DMA1_Channel3_IRQHandler
                0x0000000008000520                TIM1_UP_IRQHandler
                0x0000000008000520                WWDG_IRQHandler
                0x0000000008000520                TIM2_IRQHandler
                0x0000000008000520                TIM1_BRK_IRQHandler
                0x0000000008000520                EXTI1_IRQHandler
                0x0000000008000520                USART2_IRQHandler
                0x0000000008000520                I2C2_ER_IRQHandler
                0x0000000008000520                DMA1_Channel2_IRQHandler
                0x0000000008000520                CAN1_SCE_IRQHandler
                0x0000000008000520                FLASH_IRQHandler
                0x0000000008000520                USART1_IRQHandler
                0x0000000008000520                I2C1_ER_IRQHandler
                0x0000000008000520                RTC_Alarm_IRQHandler
 *fill*         0x0000000008000522        0x2 
 .text.HAL_InitTick
                0x0000000008000524       0x48 ./Drivers/STM32F1xx_HAL_Driver/Src/stm32f1xx_hal.o
                0x0000000008000524                HAL_InitTick
 .text.HAL_Init
                0x000000000800056c       0x24 ./Drivers/STM32F1xx_HAL_Driver/Src/stm32f1xx_hal.o
                0x000000000800056c                HAL_Init
 .text.HAL_IncTick
                0x0000000008000590       0x18 ./Drivers/STM32F1xx_HAL_Driver/Src/stm32f1xx_hal.o
                0x0000000008000590                HAL_IncTick
 .text.HAL_GetTick
                0x00000000080005a8        0xc ./Drivers/STM32F1xx_HAL_Driver/Src/stm32f1xx_hal.o
                0x00000000080005a8                HAL_GetTick
 .text.HAL_Delay
                0x00000000080005b4       0x24 ./Drivers/STM32F1xx_HAL_Driver/Src/stm32f1xx_hal.o
                0x00000000080005b4                HAL_Delay
 .text.HAL_NVIC_SetPriorityGrouping
                0x00000000080005d8       0x24 ./Drivers/STM32F1xx_HAL_Driver/Src/stm32f1xx_hal_cortex.o
                0x00000000080005d8                HAL_NVIC_SetPriorityGrouping
 .text.HAL_NVIC_SetPriority
                0x00000000080005fc       0x64 ./Drivers/STM32F1xx_HAL_Driver/Src/stm32f1xx_hal_cortex.o
                0x00000000080005fc                HAL_NVIC_SetPriority
 .text.HAL_NVIC_EnableIRQ
                0x0000000008000660       0x1c ./Drivers/STM32F1xx_HAL_Driver/Src/stm32f1xx_hal_cortex.o
                0x0000000008000660                HAL_NVIC_EnableIRQ
 .text.HAL_SYSTICK_Config
                0x000000000800067c       0x28 ./Drivers/STM32F1xx_HAL_Driver/Src/stm32f1xx_hal_cortex.o
                0x000000000800067c                HAL_SYSTICK_Config
 .text.HAL_CRC_Init
                0x00000000080006a4       0x20 ./Drivers/STM32F1xx_HAL_Driver/Src/stm32f1xx_hal_crc.o
                0x00000000080006a4                HAL_CRC_Init
 .text.HAL_GPIO_Init
                0x00000000080006c4      0x1b4 ./Drivers/STM32F1xx_HAL_Driver/Src/stm32f1xx_hal_gpio.o
                0x00000000080006c4                HAL_GPIO_Init
 .text.HAL_GPIO_WritePin
                0x0000000008000878        0xa ./Drivers/STM32F1xx_HAL_Driver/Src/stm32f1xx_hal_gpio.o
                0x0000000008000878                HAL_GPIO_WritePin
 .text.HAL_GPIO_TogglePin
                0x0000000008000882       0x12 ./Drivers/STM32F1xx_HAL_Driver/Src/stm32f1xx_hal_gpio.o
                0x0000000008000882                HAL_GPIO_TogglePin
 .text.HAL_I2C_Init
                0x0000000008000894      0x150 ./Drivers/STM32F1xx_HAL_Driver/Src/stm32f1xx_hal_i2c.o
                0x0000000008000894                HAL_I2C_Init
 .text.HAL_PCD_Init
                0x00000000080009e4       0xf2 ./Drivers/STM32F1xx_HAL_Driver/Src/stm32f1xx_hal_pcd.o
                0x00000000080009e4                HAL_PCD_Init
 .text.HAL_PCD_Start
                0x0000000008000ad6       0x32 ./Drivers/STM32F1xx_HAL_Driver/Src/stm32f1xx_hal_pcd.o
                0x0000000008000ad6                HAL_PCD_Start
 .text.HAL_PCD_SetAddress
                0x0000000008000b08       0x28 ./Drivers/STM32F1xx_HAL_Driver/Src/stm32f1xx_hal_pcd.o
                0x0000000008000b08                HAL_PCD_SetAddress
 .text.HAL_PCD_IRQHandler
                0x0000000008000b30      0x968 ./Drivers/STM32F1xx_HAL_Driver/Src/stm32f1xx_hal_pcd.o
                0x0000000008000b30                HAL_PCD_IRQHandler
 .text.HAL_PCD_EP_Open
                0x0000000008001498       0x62 ./Drivers/STM32F1xx_HAL_Driver/Src/stm32f1xx_hal_pcd.o
                0x0000000008001498                HAL_PCD_EP_Open
 .text.HAL_PCD_EP_Close
                0x00000000080014fa       0x50 ./Drivers/STM32F1xx_HAL_Driver/Src/stm32f1xx_hal_pcd.o
                0x00000000080014fa                HAL_PCD_EP_Close
 .text.HAL_PCD_EP_Receive
                0x000000000800154a       0x2e ./Drivers/STM32F1xx_HAL_Driver/Src/stm32f1xx_hal_pcd.o
                0x000000000800154a                HAL_PCD_EP_Receive
 .text.HAL_PCD_EP_GetRxCount
                0x0000000008001578       0x10 ./Drivers/STM32F1xx_HAL_Driver/Src/stm32f1xx_hal_pcd.o
                0x0000000008001578                HAL_PCD_EP_GetRxCount
 .text.HAL_PCD_EP_Transmit
                0x0000000008001588       0x34 ./Drivers/STM32F1xx_HAL_Driver/Src/stm32f1xx_hal_pcd.o
                0x0000000008001588                HAL_PCD_EP_Transmit
 .text.HAL_PCD_EP_SetStall
                0x00000000080015bc       0x68 ./Drivers/STM32F1xx_HAL_Driver/Src/stm32f1xx_hal_pcd.o
                0x00000000080015bc                HAL_PCD_EP_SetStall
 .text.HAL_PCD_EP_ClrStall
                0x0000000008001624       0x62 ./Drivers/STM32F1xx_HAL_Driver/Src/stm32f1xx_hal_pcd.o
                0x0000000008001624                HAL_PCD_EP_ClrStall
 .text.HAL_PCDEx_PMAConfig
                0x0000000008001686       0x32 ./Drivers/STM32F1xx_HAL_Driver/Src/stm32f1xx_hal_pcd_ex.o
                0x0000000008001686                HAL_PCDEx_PMAConfig
 .text.HAL_RCC_OscConfig
                0x00000000080016b8      0x338 ./Drivers/STM32F1xx_HAL_Driver/Src/stm32f1xx_hal_rcc.o
                0x00000000080016b8                HAL_RCC_OscConfig
 .text.HAL_RCC_GetSysClockFreq
                0x00000000080019f0       0x74 ./Drivers/STM32F1xx_HAL_Driver/Src/stm32f1xx_hal_rcc.o
                0x00000000080019f0                HAL_RCC_GetSysClockFreq
 .text.HAL_RCC_ClockConfig
                0x0000000008001a64      0x138 ./Drivers/STM32F1xx_HAL_Driver/Src/stm32f1xx_hal_rcc.o
                0x0000000008001a64                HAL_RCC_ClockConfig
 .text.HAL_RCC_GetPCLK1Freq
                0x0000000008001b9c       0x20 ./Drivers/STM32F1xx_HAL_Driver/Src/stm32f1xx_hal_rcc.o
                0x0000000008001b9c                HAL_RCC_GetPCLK1Freq
 .text.HAL_RCCEx_PeriphCLKConfig
                0x0000000008001bbc       0xf4 ./Drivers/STM32F1xx_HAL_Driver/Src/stm32f1xx_hal_rcc_ex.o
                0x0000000008001bbc                HAL_RCCEx_PeriphCLKConfig
 .text.USB_CoreInit
                0x0000000008001cb0        0xe ./Drivers/STM32F1xx_HAL_Driver/Src/stm32f1xx_ll_usb.o
                0x0000000008001cb0                USB_CoreInit
 .text.USB_EnableGlobalInt
                0x0000000008001cbe       0x12 ./Drivers/STM32F1xx_HAL_Driver/Src/stm32f1xx_ll_usb.o
                0x0000000008001cbe                USB_EnableGlobalInt
 .text.USB_DisableGlobalInt
                0x0000000008001cd0       0x14 ./Drivers/STM32F1xx_HAL_Driver/Src/stm32f1xx_ll_usb.o
                0x0000000008001cd0                USB_DisableGlobalInt
 .text.USB_SetCurrentMode
                0x0000000008001ce4        0x4 ./Drivers/STM32F1xx_HAL_Driver/Src/stm32f1xx_ll_usb.o
                0x0000000008001ce4                USB_SetCurrentMode
 .text.USB_DevInit
                0x0000000008001ce8       0x28 ./Drivers/STM32F1xx_HAL_Driver/Src/stm32f1xx_ll_usb.o
                0x0000000008001ce8                USB_DevInit
 .text.USB_ActivateEndpoint
                0x0000000008001d10      0x278 ./Drivers/STM32F1xx_HAL_Driver/Src/stm32f1xx_ll_usb.o
                0x0000000008001d10                USB_ActivateEndpoint
 .text.USB_DeactivateEndpoint
                0x0000000008001f88      0x1a2 ./Drivers/STM32F1xx_HAL_Driver/Src/stm32f1xx_ll_usb.o
                0x0000000008001f88                USB_DeactivateEndpoint
 .text.USB_EPSetStall
                0x000000000800212a       0x40 ./Drivers/STM32F1xx_HAL_Driver/Src/stm32f1xx_ll_usb.o
                0x000000000800212a                USB_EPSetStall
 .text.USB_EPClearStall
                0x000000000800216a       0x92 ./Drivers/STM32F1xx_HAL_Driver/Src/stm32f1xx_ll_usb.o
                0x000000000800216a                USB_EPClearStall
 .text.USB_SetDevAddress
                0x00000000080021fc        0xc ./Drivers/STM32F1xx_HAL_Driver/Src/stm32f1xx_ll_usb.o
                0x00000000080021fc                USB_SetDevAddress
 .text.USB_DevConnect
                0x0000000008002208        0x4 ./Drivers/STM32F1xx_HAL_Driver/Src/stm32f1xx_ll_usb.o
                0x0000000008002208                USB_DevConnect
 .text.USB_DevDisconnect
                0x000000000800220c        0x4 ./Drivers/STM32F1xx_HAL_Driver/Src/stm32f1xx_ll_usb.o
                0x000000000800220c                USB_DevDisconnect
 .text.USB_ReadInterrupts
                0x0000000008002210        0x8 ./Drivers/STM32F1xx_HAL_Driver/Src/stm32f1xx_ll_usb.o
                0x0000000008002210                USB_ReadInterrupts
 .text.USB_EP0_OutStart
                0x0000000008002218        0x4 ./Drivers/STM32F1xx_HAL_Driver/Src/stm32f1xx_ll_usb.o
                0x0000000008002218                USB_EP0_OutStart
 .text.USB_WritePMA
                0x000000000800221c       0x20 ./Drivers/STM32F1xx_HAL_Driver/Src/stm32f1xx_ll_usb.o
                0x000000000800221c                USB_WritePMA
 .text.USB_EPStartXfer
                0x000000000800223c      0x51c ./Drivers/STM32F1xx_HAL_Driver/Src/stm32f1xx_ll_usb.o
                0x000000000800223c                USB_EPStartXfer
 .text.USB_ReadPMA
                0x0000000008002758       0x38 ./Drivers/STM32F1xx_HAL_Driver/Src/stm32f1xx_ll_usb.o
                0x0000000008002758                USB_ReadPMA
 .text.USBD_CDC_EP0_RxReady
                0x0000000008002790       0x28 ./Middlewares/ST/STM32_USB_Device_Library/Class/CDC/Src/usbd_cdc.o
 .text.USBD_CDC_GetFSCfgDesc
                0x00000000080027b8        0xc ./Middlewares/ST/STM32_USB_Device_Library/Class/CDC/Src/usbd_cdc.o
 .text.USBD_CDC_GetHSCfgDesc
                0x00000000080027c4        0xc ./Middlewares/ST/STM32_USB_Device_Library/Class/CDC/Src/usbd_cdc.o
 .text.USBD_CDC_GetOtherSpeedCfgDesc
                0x00000000080027d0        0xc ./Middlewares/ST/STM32_USB_Device_Library/Class/CDC/Src/usbd_cdc.o
 .text.USBD_CDC_GetDeviceQualifierDescriptor
                0x00000000080027dc        0xc ./Middlewares/ST/STM32_USB_Device_Library/Class/CDC/Src/usbd_cdc.o
                0x00000000080027dc                USBD_CDC_GetDeviceQualifierDescriptor
 .text.USBD_CDC_DataOut
                0x00000000080027e8       0x2e ./Middlewares/ST/STM32_USB_Device_Library/Class/CDC/Src/usbd_cdc.o
 .text.USBD_CDC_DataIn
                0x0000000008002816       0x42 ./Middlewares/ST/STM32_USB_Device_Library/Class/CDC/Src/usbd_cdc.o
 .text.USBD_CDC_Setup
                0x0000000008002858       0xb6 ./Middlewares/ST/STM32_USB_Device_Library/Class/CDC/Src/usbd_cdc.o
 .text.USBD_CDC_DeInit
                0x000000000800290e       0x42 ./Middlewares/ST/STM32_USB_Device_Library/Class/CDC/Src/usbd_cdc.o
 .text.USBD_CDC_Init
                0x0000000008002950       0xa2 ./Middlewares/ST/STM32_USB_Device_Library/Class/CDC/Src/usbd_cdc.o
 .text.USBD_CDC_RegisterInterface
                0x00000000080029f2        0xe ./Middlewares/ST/STM32_USB_Device_Library/Class/CDC/Src/usbd_cdc.o
                0x00000000080029f2                USBD_CDC_RegisterInterface
 .text.USBD_CDC_SetTxBuffer
                0x0000000008002a00       0x10 ./Middlewares/ST/STM32_USB_Device_Library/Class/CDC/Src/usbd_cdc.o
                0x0000000008002a00                USBD_CDC_SetTxBuffer
 .text.USBD_CDC_SetRxBuffer
                0x0000000008002a10        0xc ./Middlewares/ST/STM32_USB_Device_Library/Class/CDC/Src/usbd_cdc.o
                0x0000000008002a10                USBD_CDC_SetRxBuffer
 .text.USBD_CDC_TransmitPacket
                0x0000000008002a1c       0x32 ./Middlewares/ST/STM32_USB_Device_Library/Class/CDC/Src/usbd_cdc.o
                0x0000000008002a1c                USBD_CDC_TransmitPacket
 .text.USBD_CDC_ReceivePacket
                0x0000000008002a4e       0x2e ./Middlewares/ST/STM32_USB_Device_Library/Class/CDC/Src/usbd_cdc.o
                0x0000000008002a4e                USBD_CDC_ReceivePacket
 .text.USBD_Init
                0x0000000008002a7c       0x2a ./Middlewares/ST/STM32_USB_Device_Library/Core/Src/usbd_core.o
                0x0000000008002a7c                USBD_Init
 .text.USBD_RegisterClass
                0x0000000008002aa6        0xe ./Middlewares/ST/STM32_USB_Device_Library/Core/Src/usbd_core.o
                0x0000000008002aa6                USBD_RegisterClass
 .text.USBD_Start
                0x0000000008002ab4        0xa ./Middlewares/ST/STM32_USB_Device_Library/Core/Src/usbd_core.o
                0x0000000008002ab4                USBD_Start
 .text.USBD_SetClassConfig
                0x0000000008002abe       0x16 ./Middlewares/ST/STM32_USB_Device_Library/Core/Src/usbd_core.o
                0x0000000008002abe                USBD_SetClassConfig
 .text.USBD_ClrClassConfig
                0x0000000008002ad4        0xe ./Middlewares/ST/STM32_USB_Device_Library/Core/Src/usbd_core.o
                0x0000000008002ad4                USBD_ClrClassConfig
 .text.USBD_LL_SetupStage
                0x0000000008002ae2       0x5a ./Middlewares/ST/STM32_USB_Device_Library/Core/Src/usbd_core.o
                0x0000000008002ae2                USBD_LL_SetupStage
 .text.USBD_LL_DataOutStage
                0x0000000008002b3c       0x74 ./Middlewares/ST/STM32_USB_Device_Library/Core/Src/usbd_core.o
                0x0000000008002b3c                USBD_LL_DataOutStage
 .text.USBD_LL_DataInStage
                0x0000000008002bb0       0xb6 ./Middlewares/ST/STM32_USB_Device_Library/Core/Src/usbd_core.o
                0x0000000008002bb0                USBD_LL_DataInStage
 .text.USBD_LL_Reset
                0x0000000008002c66       0x4e ./Middlewares/ST/STM32_USB_Device_Library/Core/Src/usbd_core.o
                0x0000000008002c66                USBD_LL_Reset
 .text.USBD_LL_SetSpeed
                0x0000000008002cb4        0x6 ./Middlewares/ST/STM32_USB_Device_Library/Core/Src/usbd_core.o
                0x0000000008002cb4                USBD_LL_SetSpeed
 .text.USBD_LL_Suspend
                0x0000000008002cba       0x12 ./Middlewares/ST/STM32_USB_Device_Library/Core/Src/usbd_core.o
                0x0000000008002cba                USBD_LL_Suspend
 .text.USBD_LL_Resume
                0x0000000008002ccc       0x14 ./Middlewares/ST/STM32_USB_Device_Library/Core/Src/usbd_core.o
                0x0000000008002ccc                USBD_LL_Resume
 .text.USBD_LL_SOF
                0x0000000008002ce0       0x18 ./Middlewares/ST/STM32_USB_Device_Library/Core/Src/usbd_core.o
                0x0000000008002ce0                USBD_LL_SOF
 .text.USBD_CtlError.constprop.0
                0x0000000008002cf8       0x16 ./Middlewares/ST/STM32_USB_Device_Library/Core/Src/usbd_ctlreq.o
 *fill*         0x0000000008002d0e        0x2 
 .text.USBD_StdDevReq
                0x0000000008002d10      0x254 ./Middlewares/ST/STM32_USB_Device_Library/Core/Src/usbd_ctlreq.o
                0x0000000008002d10                USBD_StdDevReq
 .text.USBD_StdItfReq
                0x0000000008002f64       0x48 ./Middlewares/ST/STM32_USB_Device_Library/Core/Src/usbd_ctlreq.o
                0x0000000008002f64                USBD_StdItfReq
 .text.USBD_StdEPReq
                0x0000000008002fac      0x114 ./Middlewares/ST/STM32_USB_Device_Library/Core/Src/usbd_ctlreq.o
                0x0000000008002fac                USBD_StdEPReq
 .text.USBD_ParseSetupRequest
                0x00000000080030c0       0x28 ./Middlewares/ST/STM32_USB_Device_Library/Core/Src/usbd_ctlreq.o
                0x00000000080030c0                USBD_ParseSetupRequest
 .text.USBD_CtlError
                0x00000000080030e8       0x16 ./Middlewares/ST/STM32_USB_Device_Library/Core/Src/usbd_ctlreq.o
                0x00000000080030e8                USBD_CtlError
 .text.USBD_GetString
                0x00000000080030fe       0x38 ./Middlewares/ST/STM32_USB_Device_Library/Core/Src/usbd_ctlreq.o
                0x00000000080030fe                USBD_GetString
 .text.USBD_CtlSendData
                0x0000000008003136       0x1a ./Middlewares/ST/STM32_USB_Device_Library/Core/Src/usbd_ioreq.o
                0x0000000008003136                USBD_CtlSendData
 .text.USBD_CtlContinueSendData
                0x0000000008003150       0x10 ./Middlewares/ST/STM32_USB_Device_Library/Core/Src/usbd_ioreq.o
                0x0000000008003150                USBD_CtlContinueSendData
 .text.USBD_CtlPrepareRx
                0x0000000008003160       0x1a ./Middlewares/ST/STM32_USB_Device_Library/Core/Src/usbd_ioreq.o
                0x0000000008003160                USBD_CtlPrepareRx
 .text.USBD_CtlContinueRx
                0x000000000800317a       0x10 ./Middlewares/ST/STM32_USB_Device_Library/Core/Src/usbd_ioreq.o
                0x000000000800317a                USBD_CtlContinueRx
 .text.USBD_CtlSendStatus
                0x000000000800318a       0x16 ./Middlewares/ST/STM32_USB_Device_Library/Core/Src/usbd_ioreq.o
                0x000000000800318a                USBD_CtlSendStatus
 .text.USBD_CtlReceiveStatus
                0x00000000080031a0       0x16 ./Middlewares/ST/STM32_USB_Device_Library/Core/Src/usbd_ioreq.o
                0x00000000080031a0                USBD_CtlReceiveStatus
 *fill*         0x00000000080031b6        0x2 
 .text.MX_USB_DEVICE_Init
                0x00000000080031b8       0x50 ./USB_DEVICE/App/usb_device.o
                0x00000000080031b8                MX_USB_DEVICE_Init
 .text.CDC_DeInit_FS
                0x0000000008003208        0x4 ./USB_DEVICE/App/usbd_cdc_if.o
 .text.CDC_Control_FS
                0x000000000800320c        0x4 ./USB_DEVICE/App/usbd_cdc_if.o
 .text.CDC_Receive_FS
                0x0000000008003210       0x2c ./USB_DEVICE/App/usbd_cdc_if.o
 .text.CDC_Init_FS
                0x000000000800323c       0x28 ./USB_DEVICE/App/usbd_cdc_if.o
 .text.CDC_Transmit_FS
                0x0000000008003264       0x2c ./USB_DEVICE/App/usbd_cdc_if.o
                0x0000000008003264                CDC_Transmit_FS
 .text.USBD_FS_DeviceDescriptor
                0x0000000008003290        0xc ./USB_DEVICE/App/usbd_desc.o
                0x0000000008003290                USBD_FS_DeviceDescriptor
 .text.USBD_FS_LangIDStrDescriptor
                0x000000000800329c        0xc ./USB_DEVICE/App/usbd_desc.o
                0x000000000800329c                USBD_FS_LangIDStrDescriptor
 .text.IntToUnicode
                0x00000000080032a8       0x2a ./USB_DEVICE/App/usbd_desc.o
 *fill*         0x00000000080032d2        0x2 
 .text.USBD_FS_SerialStrDescriptor
                0x00000000080032d4       0x3c ./USB_DEVICE/App/usbd_desc.o
                0x00000000080032d4                USBD_FS_SerialStrDescriptor
 .text.USBD_FS_ManufacturerStrDescriptor
                0x0000000008003310       0x1c ./USB_DEVICE/App/usbd_desc.o
                0x0000000008003310                USBD_FS_ManufacturerStrDescriptor
 .text.USBD_FS_ProductStrDescriptor
                0x000000000800332c       0x1c ./USB_DEVICE/App/usbd_desc.o
                0x000000000800332c                USBD_FS_ProductStrDescriptor
 .text.USBD_FS_ConfigStrDescriptor
                0x0000000008003348       0x1c ./USB_DEVICE/App/usbd_desc.o
                0x0000000008003348                USBD_FS_ConfigStrDescriptor
 .text.USBD_FS_InterfaceStrDescriptor
                0x0000000008003364       0x1c ./USB_DEVICE/App/usbd_desc.o
                0x0000000008003364                USBD_FS_InterfaceStrDescriptor
 .text.USBD_Get_USB_Status
                0x0000000008003380       0x10 ./USB_DEVICE/Target/usbd_conf.o
 .text.HAL_PCD_MspInit
                0x0000000008003390       0x40 ./USB_DEVICE/Target/usbd_conf.o
                0x0000000008003390                HAL_PCD_MspInit
 .text.HAL_PCD_SetupStageCallback
                0x00000000080033d0        0xc ./USB_DEVICE/Target/usbd_conf.o
                0x00000000080033d0                HAL_PCD_SetupStageCallback
 .text.HAL_PCD_DataOutStageCallback
                0x00000000080033dc       0x12 ./USB_DEVICE/Target/usbd_conf.o
                0x00000000080033dc                HAL_PCD_DataOutStageCallback
 .text.HAL_PCD_DataInStageCallback
                0x00000000080033ee       0x10 ./USB_DEVICE/Target/usbd_conf.o
                0x00000000080033ee                HAL_PCD_DataInStageCallback
 .text.HAL_PCD_SOFCallback
                0x00000000080033fe        0x8 ./USB_DEVICE/Target/usbd_conf.o
                0x00000000080033fe                HAL_PCD_SOFCallback
 .text.HAL_PCD_ResetCallback
                0x0000000008003406       0x24 ./USB_DEVICE/Target/usbd_conf.o
                0x0000000008003406                HAL_PCD_ResetCallback
 *fill*         0x000000000800342a        0x2 
 .text.HAL_PCD_SuspendCallback
                0x000000000800342c       0x20 ./USB_DEVICE/Target/usbd_conf.o
                0x000000000800342c                HAL_PCD_SuspendCallback
 .text.HAL_PCD_ResumeCallback
                0x000000000800344c        0x8 ./USB_DEVICE/Target/usbd_conf.o
                0x000000000800344c                HAL_PCD_ResumeCallback
 .text.USBD_LL_Init
                0x0000000008003454       0x84 ./USB_DEVICE/Target/usbd_conf.o
                0x0000000008003454                USBD_LL_Init
 .text.USBD_LL_Start
                0x00000000080034d8       0x12 ./USB_DEVICE/Target/usbd_conf.o
                0x00000000080034d8                USBD_LL_Start
 .text.USBD_LL_OpenEP
                0x00000000080034ea       0x18 ./USB_DEVICE/Target/usbd_conf.o
                0x00000000080034ea                USBD_LL_OpenEP
 .text.USBD_LL_CloseEP
                0x0000000008003502       0x12 ./USB_DEVICE/Target/usbd_conf.o
                0x0000000008003502                USBD_LL_CloseEP
 .text.USBD_LL_StallEP
                0x0000000008003514       0x12 ./USB_DEVICE/Target/usbd_conf.o
                0x0000000008003514                USBD_LL_StallEP
 .text.USBD_LL_ClearStallEP
                0x0000000008003526       0x12 ./USB_DEVICE/Target/usbd_conf.o
                0x0000000008003526                USBD_LL_ClearStallEP
 .text.USBD_LL_IsStallEP
                0x0000000008003538       0x24 ./USB_DEVICE/Target/usbd_conf.o
                0x0000000008003538                USBD_LL_IsStallEP
 .text.USBD_LL_SetUSBAddress
                0x000000000800355c       0x12 ./USB_DEVICE/Target/usbd_conf.o
                0x000000000800355c                USBD_LL_SetUSBAddress
 .text.USBD_LL_Transmit
                0x000000000800356e       0x12 ./USB_DEVICE/Target/usbd_conf.o
                0x000000000800356e                USBD_LL_Transmit
 .text.USBD_LL_PrepareReceive
                0x0000000008003580       0x12 ./USB_DEVICE/Target/usbd_conf.o
                0x0000000008003580                USBD_LL_PrepareReceive
 .text.USBD_LL_GetRxDataSize
                0x0000000008003592        0x8 ./USB_DEVICE/Target/usbd_conf.o
                0x0000000008003592                USBD_LL_GetRxDataSize
 *fill*         0x000000000800359a        0x2 
 .text.USBD_static_malloc
                0x000000000800359c        0x8 ./USB_DEVICE/Target/usbd_conf.o
                0x000000000800359c                USBD_static_malloc
 .text.USBD_static_free
                0x00000000080035a4        0x2 ./USB_DEVICE/Target/usbd_conf.o
                0x00000000080035a4                USBD_static_free
 .text.HAL_PCDEx_SetConnectionState
                0x00000000080035a6        0x2 ./USB_DEVICE/Target/usbd_conf.o
                0x00000000080035a6                HAL_PCDEx_SetConnectionState
 .text.__libc_init_array
                0x00000000080035a8       0x48 /Applications/STM32CubeIDE.app/Contents/Eclipse/plugins/com.st.stm32cube.ide.mcu.externaltools.gnu-tools-for-stm32.10.3-2021.10.macos64_1.0.0.202111181127/tools/bin/../lib/gcc/arm-none-eabi/10.3.1/../../../../arm-none-eabi/lib/thumb/v7-m/nofp/libc_nano.a(lib_a-init.o)
                0x00000000080035a8                __libc_init_array
 .text.memcpy   0x00000000080035f0       0x1c /Applications/STM32CubeIDE.app/Contents/Eclipse/plugins/com.st.stm32cube.ide.mcu.externaltools.gnu-tools-for-stm32.10.3-2021.10.macos64_1.0.0.202111181127/tools/bin/../lib/gcc/arm-none-eabi/10.3.1/../../../../arm-none-eabi/lib/thumb/v7-m/nofp/libc_nano.a(lib_a-memcpy-stub.o)
                0x00000000080035f0                memcpy
 .text.memset   0x000000000800360c       0x10 /Applications/STM32CubeIDE.app/Contents/Eclipse/plugins/com.st.stm32cube.ide.mcu.externaltools.gnu-tools-for-stm32.10.3-2021.10.macos64_1.0.0.202111181127/tools/bin/../lib/gcc/arm-none-eabi/10.3.1/../../../../arm-none-eabi/lib/thumb/v7-m/nofp/libc_nano.a(lib_a-memset.o)
                0x000000000800360c                memset
 *(.glue_7)
 .glue_7        0x000000000800361c        0x0 linker stubs
 *(.glue_7t)
 .glue_7t       0x000000000800361c        0x0 linker stubs
 *(.eh_frame)
 .eh_frame      0x000000000800361c        0x0 /Applications/STM32CubeIDE.app/Contents/Eclipse/plugins/com.st.stm32cube.ide.mcu.externaltools.gnu-tools-for-stm32.10.3-2021.10.macos64_1.0.0.202111181127/tools/bin/../lib/gcc/arm-none-eabi/10.3.1/thumb/v7-m/nofp/crtbegin.o
 *(.init)
 .init          0x000000000800361c        0x4 /Applications/STM32CubeIDE.app/Contents/Eclipse/plugins/com.st.stm32cube.ide.mcu.externaltools.gnu-tools-for-stm32.10.3-2021.10.macos64_1.0.0.202111181127/tools/bin/../lib/gcc/arm-none-eabi/10.3.1/thumb/v7-m/nofp/crti.o
                0x000000000800361c                _init
 .init          0x0000000008003620        0x8 /Applications/STM32CubeIDE.app/Contents/Eclipse/plugins/com.st.stm32cube.ide.mcu.externaltools.gnu-tools-for-stm32.10.3-2021.10.macos64_1.0.0.202111181127/tools/bin/../lib/gcc/arm-none-eabi/10.3.1/thumb/v7-m/nofp/crtn.o
 *(.fini)
 .fini          0x0000000008003628        0x4 /Applications/STM32CubeIDE.app/Contents/Eclipse/plugins/com.st.stm32cube.ide.mcu.externaltools.gnu-tools-for-stm32.10.3-2021.10.macos64_1.0.0.202111181127/tools/bin/../lib/gcc/arm-none-eabi/10.3.1/thumb/v7-m/nofp/crti.o
                0x0000000008003628                _fini
 .fini          0x000000000800362c        0x8 /Applications/STM32CubeIDE.app/Contents/Eclipse/plugins/com.st.stm32cube.ide.mcu.externaltools.gnu-tools-for-stm32.10.3-2021.10.macos64_1.0.0.202111181127/tools/bin/../lib/gcc/arm-none-eabi/10.3.1/thumb/v7-m/nofp/crtn.o
                0x0000000008003634                . = ALIGN (0x4)
                0x0000000008003634                _etext = .

.vfp11_veneer   0x0000000008003634        0x0
 .vfp11_veneer  0x0000000008003634        0x0 linker stubs

.v4_bx          0x0000000008003634        0x0
 .v4_bx         0x0000000008003634        0x0 linker stubs

.iplt           0x0000000008003634        0x0
 .iplt          0x0000000008003634        0x0 /Applications/STM32CubeIDE.app/Contents/Eclipse/plugins/com.st.stm32cube.ide.mcu.externaltools.gnu-tools-for-stm32.10.3-2021.10.macos64_1.0.0.202111181127/tools/bin/../lib/gcc/arm-none-eabi/10.3.1/thumb/v7-m/nofp/crtbegin.o

.rodata         0x0000000008003634       0x84
                0x0000000008003634                . = ALIGN (0x4)
 *(.rodata)
 *(.rodata*)
 .rodata.end_delimiter
                0x0000000008003634        0x1 ./Core/Src/main.o
 .rodata.start_delimiter
                0x0000000008003635        0x1 ./Core/Src/main.o
 .rodata.AHBPrescTable
                0x0000000008003636       0x10 ./Core/Src/system_stm32f1xx.o
                0x0000000008003636                AHBPrescTable
 .rodata.APBPrescTable
                0x0000000008003646        0x8 ./Core/Src/system_stm32f1xx.o
                0x0000000008003646                APBPrescTable
 .rodata.HAL_RCC_GetSysClockFreq.str1.1
                0x000000000800364e       0x11 ./Drivers/STM32F1xx_HAL_Driver/Src/stm32f1xx_hal_rcc.o
 .rodata.USBD_FS_ManufacturerStrDescriptor.str1.1
                0x000000000800365f       0x13 ./USB_DEVICE/App/usbd_desc.o
 .rodata.USBD_FS_ProductStrDescriptor.str1.1
                0x0000000008003672       0x29 ./USB_DEVICE/App/usbd_desc.o
 .rodata.USBD_FS_ConfigStrDescriptor.str1.1
                0x000000000800369b        0xb ./USB_DEVICE/App/usbd_desc.o
 .rodata.USBD_FS_InterfaceStrDescriptor.str1.1
                0x00000000080036a6        0xe ./USB_DEVICE/App/usbd_desc.o
 .rodata.CSWTCH.3
                0x00000000080036b4        0x4 ./USB_DEVICE/Target/usbd_conf.o
                0x00000000080036b8                . = ALIGN (0x4)

.rel.dyn        0x00000000080036b8        0x0
 .rel.iplt      0x00000000080036b8        0x0 /Applications/STM32CubeIDE.app/Contents/Eclipse/plugins/com.st.stm32cube.ide.mcu.externaltools.gnu-tools-for-stm32.10.3-2021.10.macos64_1.0.0.202111181127/tools/bin/../lib/gcc/arm-none-eabi/10.3.1/thumb/v7-m/nofp/crtbegin.o

.ARM.extab      0x00000000080036b8        0x0
                0x00000000080036b8                . = ALIGN (0x4)
 *(.ARM.extab* .gnu.linkonce.armextab.*)
                0x00000000080036b8                . = ALIGN (0x4)

.ARM            0x00000000080036b8        0x0
                0x00000000080036b8                . = ALIGN (0x4)
                0x00000000080036b8                __exidx_start = .
 *(.ARM.exidx*)
                0x00000000080036b8                __exidx_end = .
                0x00000000080036b8                . = ALIGN (0x4)

.preinit_array  0x00000000080036b8        0x0
                0x00000000080036b8                . = ALIGN (0x4)
                0x00000000080036b8                PROVIDE (__preinit_array_start = .)
 *(.preinit_array*)
                0x00000000080036b8                PROVIDE (__preinit_array_end = .)
                0x00000000080036b8                . = ALIGN (0x4)

.init_array     0x00000000080036b8        0x4
                0x00000000080036b8                . = ALIGN (0x4)
                0x00000000080036b8                PROVIDE (__init_array_start = .)
 *(SORT_BY_NAME(.init_array.*))
 *(.init_array*)
 .init_array    0x00000000080036b8        0x4 /Applications/STM32CubeIDE.app/Contents/Eclipse/plugins/com.st.stm32cube.ide.mcu.externaltools.gnu-tools-for-stm32.10.3-2021.10.macos64_1.0.0.202111181127/tools/bin/../lib/gcc/arm-none-eabi/10.3.1/thumb/v7-m/nofp/crtbegin.o
                0x00000000080036bc                PROVIDE (__init_array_end = .)
                0x00000000080036bc                . = ALIGN (0x4)

.fini_array     0x00000000080036bc        0x4
                0x00000000080036bc                . = ALIGN (0x4)
                [!provide]                        PROVIDE (__fini_array_start = .)
 *(SORT_BY_NAME(.fini_array.*))
 *(.fini_array*)
 .fini_array    0x00000000080036bc        0x4 /Applications/STM32CubeIDE.app/Contents/Eclipse/plugins/com.st.stm32cube.ide.mcu.externaltools.gnu-tools-for-stm32.10.3-2021.10.macos64_1.0.0.202111181127/tools/bin/../lib/gcc/arm-none-eabi/10.3.1/thumb/v7-m/nofp/crtbegin.o
                [!provide]                        PROVIDE (__fini_array_end = .)
                0x00000000080036c0                . = ALIGN (0x4)
                0x00000000080036c0                _sidata = LOADADDR (.data)

.data           0x0000000020000000      0x1cc load address 0x00000000080036c0
                0x0000000020000000                . = ALIGN (0x4)
                0x0000000020000000                _sdata = .
 *(.data)
 *(.data*)
 .data.tetris_header
                0x0000000020000000       0x50 ./Core/Src/main.o
                0x0000000020000000                tetris_header
 .data.SystemCoreClock
                0x0000000020000050        0x4 ./Core/Src/system_stm32f1xx.o
                0x0000000020000050                SystemCoreClock
 .data.uwTickFreq
                0x0000000020000054        0x1 ./Drivers/STM32F1xx_HAL_Driver/Src/stm32f1xx_hal.o
                0x0000000020000054                uwTickFreq
 *fill*         0x0000000020000055        0x3 
 .data.uwTickPrio
                0x0000000020000058        0x4 ./Drivers/STM32F1xx_HAL_Driver/Src/stm32f1xx_hal.o
                0x0000000020000058                uwTickPrio
 .data.USBD_CDC
                0x000000002000005c       0x38 ./Middlewares/ST/STM32_USB_Device_Library/Class/CDC/Src/usbd_cdc.o
                0x000000002000005c                USBD_CDC
 .data.USBD_CDC_CfgFSDesc
                0x0000000020000094       0x43 ./Middlewares/ST/STM32_USB_Device_Library/Class/CDC/Src/usbd_cdc.o
                0x0000000020000094                USBD_CDC_CfgFSDesc
 *fill*         0x00000000200000d7        0x1 
 .data.USBD_CDC_CfgHSDesc
                0x00000000200000d8       0x43 ./Middlewares/ST/STM32_USB_Device_Library/Class/CDC/Src/usbd_cdc.o
                0x00000000200000d8                USBD_CDC_CfgHSDesc
 *fill*         0x000000002000011b        0x1 
 .data.USBD_CDC_DeviceQualifierDesc
                0x000000002000011c        0xa ./Middlewares/ST/STM32_USB_Device_Library/Class/CDC/Src/usbd_cdc.o
 *fill*         0x0000000020000126        0x2 
 .data.USBD_CDC_OtherSpeedCfgDesc
                0x0000000020000128       0x43 ./Middlewares/ST/STM32_USB_Device_Library/Class/CDC/Src/usbd_cdc.o
                0x0000000020000128                USBD_CDC_OtherSpeedCfgDesc
 *fill*         0x000000002000016b        0x1 
 .data.USBD_Interface_fops_FS
                0x000000002000016c       0x10 ./USB_DEVICE/App/usbd_cdc_if.o
                0x000000002000016c                USBD_Interface_fops_FS
 .data.FS_Desc  0x000000002000017c       0x1c ./USB_DEVICE/App/usbd_desc.o
                0x000000002000017c                FS_Desc
 .data.USBD_FS_DeviceDesc
                0x0000000020000198       0x12 ./USB_DEVICE/App/usbd_desc.o
                0x0000000020000198                USBD_FS_DeviceDesc
 *fill*         0x00000000200001aa        0x2 
 .data.USBD_LangIDDesc
                0x00000000200001ac        0x4 ./USB_DEVICE/App/usbd_desc.o
                0x00000000200001ac                USBD_LangIDDesc
 .data.USBD_StringSerial
                0x00000000200001b0       0x1a ./USB_DEVICE/App/usbd_desc.o
                0x00000000200001b0                USBD_StringSerial
 *(.RamFunc)
 *(.RamFunc*)
                0x00000000200001cc                . = ALIGN (0x4)
 *fill*         0x00000000200001ca        0x2 
                0x00000000200001cc                _edata = .

.igot.plt       0x00000000200001cc        0x0 load address 0x000000000800388c
 .igot.plt      0x00000000200001cc        0x0 /Applications/STM32CubeIDE.app/Contents/Eclipse/plugins/com.st.stm32cube.ide.mcu.externaltools.gnu-tools-for-stm32.10.3-2021.10.macos64_1.0.0.202111181127/tools/bin/../lib/gcc/arm-none-eabi/10.3.1/thumb/v7-m/nofp/crtbegin.o
                0x00000000200001cc                . = ALIGN (0x4)

.bss            0x00000000200001cc     0x1670 load address 0x000000000800388c
                0x00000000200001cc                _sbss = .
                0x00000000200001cc                __bss_start__ = _sbss
 *(.bss)
 .bss           0x00000000200001cc       0x1c /Applications/STM32CubeIDE.app/Contents/Eclipse/plugins/com.st.stm32cube.ide.mcu.externaltools.gnu-tools-for-stm32.10.3-2021.10.macos64_1.0.0.202111181127/tools/bin/../lib/gcc/arm-none-eabi/10.3.1/thumb/v7-m/nofp/crtbegin.o
 *(.bss*)
 .bss.gb_metadata
                0x00000000200001e8       0x1f ./Core/Src/main.o
                0x00000000200001e8                gb_metadata
 *fill*         0x0000000020000207        0x1 
 .bss.hcrc      0x0000000020000208        0x8 ./Core/Src/main.o
                0x0000000020000208                hcrc
 .bss.hi2c1     0x0000000020000210       0x54 ./Core/Src/main.o
                0x0000000020000210                hi2c1
 .bss.usb_rx_buffer
                0x0000000020000264      0x400 ./Core/Src/main.o
                0x0000000020000264                usb_rx_buffer
 .bss.uwTick    0x0000000020000664        0x4 ./Drivers/STM32F1xx_HAL_Driver/Src/stm32f1xx_hal.o
                0x0000000020000664                uwTick
 .bss.cfgidx.0  0x0000000020000668        0x1 ./Middlewares/ST/STM32_USB_Device_Library/Core/Src/usbd_ctlreq.o
 *fill*         0x0000000020000669        0x3 
 .bss.hUsbDeviceFS
                0x000000002000066c      0x2c4 ./USB_DEVICE/App/usb_device.o
                0x000000002000066c                hUsbDeviceFS
 .bss.UserRxBufferFS
                0x0000000020000930      0x400 ./USB_DEVICE/App/usbd_cdc_if.o
                0x0000000020000930                UserRxBufferFS
 .bss.UserTxBufferFS
                0x0000000020000d30      0x400 ./USB_DEVICE/App/usbd_cdc_if.o
                0x0000000020000d30                UserTxBufferFS
 .bss.USBD_StrDesc
                0x0000000020001130      0x200 ./USB_DEVICE/App/usbd_desc.o
                0x0000000020001130                USBD_StrDesc
 .bss.hpcd_USB_FS
                0x0000000020001330      0x2ec ./USB_DEVICE/Target/usbd_conf.o
                0x0000000020001330                hpcd_USB_FS
 .bss.mem.0     0x000000002000161c      0x220 ./USB_DEVICE/Target/usbd_conf.o
 *(COMMON)
                0x000000002000183c                . = ALIGN (0x4)
                0x000000002000183c                _ebss = .
                0x000000002000183c                __bss_end__ = _ebss

._user_heap_stack
                0x000000002000183c      0x604 load address 0x000000000800388c
                0x0000000020001840                . = ALIGN (0x8)
 *fill*         0x000000002000183c        0x4 
                [!provide]                        PROVIDE (end = .)
                0x0000000020001840                PROVIDE (_end = .)
                0x0000000020001a40                . = (. + _Min_Heap_Size)
 *fill*         0x0000000020001840      0x200 
                0x0000000020001e40                . = (. + _Min_Stack_Size)
 *fill*         0x0000000020001a40      0x400 
                0x0000000020001e40                . = ALIGN (0x8)

/DISCARD/
 libc.a(*)
 libm.a(*)
 libgcc.a(*)

.ARM.attributes
                0x0000000000000000       0x29
 *(.ARM.attributes)
 .ARM.attributes
                0x0000000000000000       0x1d /Applications/STM32CubeIDE.app/Contents/Eclipse/plugins/com.st.stm32cube.ide.mcu.externaltools.gnu-tools-for-stm32.10.3-2021.10.macos64_1.0.0.202111181127/tools/bin/../lib/gcc/arm-none-eabi/10.3.1/thumb/v7-m/nofp/crti.o
 .ARM.attributes
                0x000000000000001d       0x2d /Applications/STM32CubeIDE.app/Contents/Eclipse/plugins/com.st.stm32cube.ide.mcu.externaltools.gnu-tools-for-stm32.10.3-2021.10.macos64_1.0.0.202111181127/tools/bin/../lib/gcc/arm-none-eabi/10.3.1/thumb/v7-m/nofp/crtbegin.o
 .ARM.attributes
                0x000000000000004a       0x2d ./Core/Src/main.o
 .ARM.attributes
                0x0000000000000077       0x2d ./Core/Src/stm32f1xx_hal_msp.o
 .ARM.attributes
                0x00000000000000a4       0x2d ./Core/Src/stm32f1xx_it.o
 .ARM.attributes
                0x00000000000000d1       0x2d ./Core/Src/system_stm32f1xx.o
 .ARM.attributes
                0x00000000000000fe       0x21 ./Core/Startup/startup_stm32f103c8tx.o
 .ARM.attributes
                0x000000000000011f       0x2d ./Drivers/STM32F1xx_HAL_Driver/Src/stm32f1xx_hal.o
 .ARM.attributes
                0x000000000000014c       0x2d ./Drivers/STM32F1xx_HAL_Driver/Src/stm32f1xx_hal_cortex.o
 .ARM.attributes
                0x0000000000000179       0x2d ./Drivers/STM32F1xx_HAL_Driver/Src/stm32f1xx_hal_crc.o
 .ARM.attributes
                0x00000000000001a6       0x2d ./Drivers/STM32F1xx_HAL_Driver/Src/stm32f1xx_hal_gpio.o
 .ARM.attributes
                0x00000000000001d3       0x2d ./Drivers/STM32F1xx_HAL_Driver/Src/stm32f1xx_hal_i2c.o
 .ARM.attributes
                0x0000000000000200       0x2d ./Drivers/STM32F1xx_HAL_Driver/Src/stm32f1xx_hal_pcd.o
 .ARM.attributes
                0x000000000000022d       0x2d ./Drivers/STM32F1xx_HAL_Driver/Src/stm32f1xx_hal_pcd_ex.o
 .ARM.attributes
                0x000000000000025a       0x2d ./Drivers/STM32F1xx_HAL_Driver/Src/stm32f1xx_hal_rcc.o
 .ARM.attributes
                0x0000000000000287       0x2d ./Drivers/STM32F1xx_HAL_Driver/Src/stm32f1xx_hal_rcc_ex.o
 .ARM.attributes
                0x00000000000002b4       0x2d ./Drivers/STM32F1xx_HAL_Driver/Src/stm32f1xx_ll_usb.o
 .ARM.attributes
                0x00000000000002e1       0x2d ./Middlewares/ST/STM32_USB_Device_Library/Class/CDC/Src/usbd_cdc.o
 .ARM.attributes
                0x000000000000030e       0x2d ./Middlewares/ST/STM32_USB_Device_Library/Core/Src/usbd_core.o
 .ARM.attributes
                0x000000000000033b       0x2d ./Middlewares/ST/STM32_USB_Device_Library/Core/Src/usbd_ctlreq.o
 .ARM.attributes
                0x0000000000000368       0x2d ./Middlewares/ST/STM32_USB_Device_Library/Core/Src/usbd_ioreq.o
 .ARM.attributes
                0x0000000000000395       0x2d ./USB_DEVICE/App/usb_device.o
 .ARM.attributes
                0x00000000000003c2       0x2d ./USB_DEVICE/App/usbd_cdc_if.o
 .ARM.attributes
                0x00000000000003ef       0x2d ./USB_DEVICE/App/usbd_desc.o
 .ARM.attributes
                0x000000000000041c       0x2d ./USB_DEVICE/Target/usbd_conf.o
 .ARM.attributes
                0x0000000000000449       0x2d /Applications/STM32CubeIDE.app/Contents/Eclipse/plugins/com.st.stm32cube.ide.mcu.externaltools.gnu-tools-for-stm32.10.3-2021.10.macos64_1.0.0.202111181127/tools/bin/../lib/gcc/arm-none-eabi/10.3.1/../../../../arm-none-eabi/lib/thumb/v7-m/nofp/libc_nano.a(lib_a-init.o)
 .ARM.attributes
                0x0000000000000476       0x2d /Applications/STM32CubeIDE.app/Contents/Eclipse/plugins/com.st.stm32cube.ide.mcu.externaltools.gnu-tools-for-stm32.10.3-2021.10.macos64_1.0.0.202111181127/tools/bin/../lib/gcc/arm-none-eabi/10.3.1/../../../../arm-none-eabi/lib/thumb/v7-m/nofp/libc_nano.a(lib_a-memcpy-stub.o)
 .ARM.attributes
                0x00000000000004a3       0x2d /Applications/STM32CubeIDE.app/Contents/Eclipse/plugins/com.st.stm32cube.ide.mcu.externaltools.gnu-tools-for-stm32.10.3-2021.10.macos64_1.0.0.202111181127/tools/bin/../lib/gcc/arm-none-eabi/10.3.1/../../../../arm-none-eabi/lib/thumb/v7-m/nofp/libc_nano.a(lib_a-memset.o)
 .ARM.attributes
                0x00000000000004d0       0x1d /Applications/STM32CubeIDE.app/Contents/Eclipse/plugins/com.st.stm32cube.ide.mcu.externaltools.gnu-tools-for-stm32.10.3-2021.10.macos64_1.0.0.202111181127/tools/bin/../lib/gcc/arm-none-eabi/10.3.1/thumb/v7-m/nofp/crtn.o
OUTPUT(gb_rom_dumper.elf elf32-littlearm)
LOAD linker stubs
LOAD /Applications/STM32CubeIDE.app/Contents/Eclipse/plugins/com.st.stm32cube.ide.mcu.externaltools.gnu-tools-for-stm32.10.3-2021.10.macos64_1.0.0.202111181127/tools/bin/../lib/gcc/arm-none-eabi/10.3.1/../../../../arm-none-eabi/lib/thumb/v7-m/nofp/libc.a
LOAD /Applications/STM32CubeIDE.app/Contents/Eclipse/plugins/com.st.stm32cube.ide.mcu.externaltools.gnu-tools-for-stm32.10.3-2021.10.macos64_1.0.0.202111181127/tools/bin/../lib/gcc/arm-none-eabi/10.3.1/../../../../arm-none-eabi/lib/thumb/v7-m/nofp/libm.a
LOAD /Applications/STM32CubeIDE.app/Contents/Eclipse/plugins/com.st.stm32cube.ide.mcu.externaltools.gnu-tools-for-stm32.10.3-2021.10.macos64_1.0.0.202111181127/tools/bin/../lib/gcc/arm-none-eabi/10.3.1/thumb/v7-m/nofp/libgcc.a

.comment        0x0000000000000000       0x50
 .comment       0x0000000000000000       0x50 ./Core/Src/main.o
                                         0x51 (size before relaxing)
 .comment       0x0000000000000050       0x51 ./Core/Src/stm32f1xx_hal_msp.o
 .comment       0x0000000000000050       0x51 ./Core/Src/stm32f1xx_it.o
 .comment       0x0000000000000050       0x51 ./Core/Src/system_stm32f1xx.o
 .comment       0x0000000000000050       0x51 ./Drivers/STM32F1xx_HAL_Driver/Src/stm32f1xx_hal.o
 .comment       0x0000000000000050       0x51 ./Drivers/STM32F1xx_HAL_Driver/Src/stm32f1xx_hal_cortex.o
 .comment       0x0000000000000050       0x51 ./Drivers/STM32F1xx_HAL_Driver/Src/stm32f1xx_hal_crc.o
 .comment       0x0000000000000050       0x51 ./Drivers/STM32F1xx_HAL_Driver/Src/stm32f1xx_hal_gpio.o
 .comment       0x0000000000000050       0x51 ./Drivers/STM32F1xx_HAL_Driver/Src/stm32f1xx_hal_i2c.o
 .comment       0x0000000000000050       0x51 ./Drivers/STM32F1xx_HAL_Driver/Src/stm32f1xx_hal_pcd.o
 .comment       0x0000000000000050       0x51 ./Drivers/STM32F1xx_HAL_Driver/Src/stm32f1xx_hal_pcd_ex.o
 .comment       0x0000000000000050       0x51 ./Drivers/STM32F1xx_HAL_Driver/Src/stm32f1xx_hal_rcc.o
 .comment       0x0000000000000050       0x51 ./Drivers/STM32F1xx_HAL_Driver/Src/stm32f1xx_hal_rcc_ex.o
 .comment       0x0000000000000050       0x51 ./Drivers/STM32F1xx_HAL_Driver/Src/stm32f1xx_ll_usb.o
 .comment       0x0000000000000050       0x51 ./Middlewares/ST/STM32_USB_Device_Library/Class/CDC/Src/usbd_cdc.o
 .comment       0x0000000000000050       0x51 ./Middlewares/ST/STM32_USB_Device_Library/Core/Src/usbd_core.o
 .comment       0x0000000000000050       0x51 ./Middlewares/ST/STM32_USB_Device_Library/Core/Src/usbd_ctlreq.o
 .comment       0x0000000000000050       0x51 ./Middlewares/ST/STM32_USB_Device_Library/Core/Src/usbd_ioreq.o
 .comment       0x0000000000000050       0x51 ./USB_DEVICE/App/usb_device.o
 .comment       0x0000000000000050       0x51 ./USB_DEVICE/App/usbd_cdc_if.o
 .comment       0x0000000000000050       0x51 ./USB_DEVICE/App/usbd_desc.o
 .comment       0x0000000000000050       0x51 ./USB_DEVICE/Target/usbd_conf.o

.debug_frame    0x0000000000000000       0x74
 .debug_frame   0x0000000000000000       0x2c /Applications/STM32CubeIDE.app/Contents/Eclipse/plugins/com.st.stm32cube.ide.mcu.externaltools.gnu-tools-for-stm32.10.3-2021.10.macos64_1.0.0.202111181127/tools/bin/../lib/gcc/arm-none-eabi/10.3.1/../../../../arm-none-eabi/lib/thumb/v7-m/nofp/libc_nano.a(lib_a-init.o)
 .debug_frame   0x000000000000002c       0x28 /Applications/STM32CubeIDE.app/Contents/Eclipse/plugins/com.st.stm32cube.ide.mcu.externaltools.gnu-tools-for-stm32.10.3-2021.10.macos64_1.0.0.202111181127/tools/bin/../lib/gcc/arm-none-eabi/10.3.1/../../../../arm-none-eabi/lib/thumb/v7-m/nofp/libc_nano.a(lib_a-memcpy-stub.o)
 .debug_frame   0x0000000000000054       0x20 /Applications/STM32CubeIDE.app/Contents/Eclipse/plugins/com.st.stm32cube.ide.mcu.externaltools.gnu-tools-for-stm32.10.3-2021.10.macos64_1.0.0.202111181127/tools/bin/../lib/gcc/arm-none-eabi/10.3.1/../../../../arm-none-eabi/lib/thumb/v7-m/nofp/libc_nano.a(lib_a-memset.o)
